Archive member included to satisfy reference by file (symbol)

C:\Users\kzax\workspace\freeRTOS_v10\CMSIS_CORE_LPC17xx\Debug\libCMSIS_CORE_LPC17xx.a(system_LPC17xx.o)
                              ./src/main.o (SystemCoreClockUpdate)
c:/nxp/lpcxpresso_8.2.2_650/lpcxpresso/tools/bin/../lib/gcc/arm-none-eabi/5.4.1/../../../../arm-none-eabi/lib/armv7-m\libcr_semihost.a(__sys_write.o)
                              ./src/main.o (__write)
c:/nxp/lpcxpresso_8.2.2_650/lpcxpresso/tools/bin/../lib/gcc/arm-none-eabi/5.4.1/../../../../arm-none-eabi/lib/armv7-m\libcr_semihost.a(_cr__main.o)
                              ./src/cr_startup_lpc17.o (__main)
c:/nxp/lpcxpresso_8.2.2_650/lpcxpresso/tools/bin/../lib/gcc/arm-none-eabi/5.4.1/../../../../arm-none-eabi/lib/armv7-m\libcr_c.a(memcpy.o)
                              ./RecTrace/trcSnapshotRecorder.o (memcpy)
c:/nxp/lpcxpresso_8.2.2_650/lpcxpresso/tools/bin/../lib/gcc/arm-none-eabi/5.4.1/../../../../arm-none-eabi/lib/armv7-m\libcr_c.a(memset.o)
                              ./RecTrace/trcSnapshotRecorder.o (memset)
c:/nxp/lpcxpresso_8.2.2_650/lpcxpresso/tools/bin/../lib/gcc/arm-none-eabi/5.4.1/../../../../arm-none-eabi/lib/armv7-m\libcr_c.a(alloc.o)
                              ./FreeRTOS/portable/heap_3.o (malloc)
c:/nxp/lpcxpresso_8.2.2_650/lpcxpresso/tools/bin/../lib/gcc/arm-none-eabi/5.4.1/../../../../arm-none-eabi/lib/armv7-m\libcr_c.a(fpprintf.o)
                              ./src/main.o (sprintf)
c:/nxp/lpcxpresso_8.2.2_650/lpcxpresso/tools/bin/../lib/gcc/arm-none-eabi/5.4.1/../../../../arm-none-eabi/lib/armv7-m\libcr_c.a(initio.o)
                              c:/nxp/lpcxpresso_8.2.2_650/lpcxpresso/tools/bin/../lib/gcc/arm-none-eabi/5.4.1/../../../../arm-none-eabi/lib/armv7-m\libcr_semihost.a(_cr__main.o) (_initio)
c:/nxp/lpcxpresso_8.2.2_650/lpcxpresso/tools/bin/../lib/gcc/arm-none-eabi/5.4.1/../../../../arm-none-eabi/lib/armv7-m\libcr_c.a(printf.o)
                              c:/nxp/lpcxpresso_8.2.2_650/lpcxpresso/tools/bin/../lib/gcc/arm-none-eabi/5.4.1/../../../../arm-none-eabi/lib/armv7-m\libcr_c.a(fpprintf.o) (__vfprintf)
c:/nxp/lpcxpresso_8.2.2_650/lpcxpresso/tools/bin/../lib/gcc/arm-none-eabi/5.4.1/../../../../arm-none-eabi/lib/armv7-m\libcr_c.a(setvbuf.o)
                              c:/nxp/lpcxpresso_8.2.2_650/lpcxpresso/tools/bin/../lib/gcc/arm-none-eabi/5.4.1/../../../../arm-none-eabi/lib/armv7-m\libcr_c.a(initio.o) (setvbuf)
c:/nxp/lpcxpresso_8.2.2_650/lpcxpresso/tools/bin/../lib/gcc/arm-none-eabi/5.4.1/../../../../arm-none-eabi/lib/armv7-m\libcr_c.a(stdio.o)
                              c:/nxp/lpcxpresso_8.2.2_650/lpcxpresso/tools/bin/../lib/gcc/arm-none-eabi/5.4.1/../../../../arm-none-eabi/lib/armv7-m\libcr_c.a(fpprintf.o) (__Ciob)
c:/nxp/lpcxpresso_8.2.2_650/lpcxpresso/tools/bin/../lib/gcc/arm-none-eabi/5.4.1/../../../../arm-none-eabi/lib/armv7-m\libcr_c.a(stdlib.o)
                              ./src/main.o (rand)
c:/nxp/lpcxpresso_8.2.2_650/lpcxpresso/tools/bin/../lib/gcc/arm-none-eabi/5.4.1/../../../../arm-none-eabi/lib/armv7-m\libcr_c.a(strcpy.o)
                              ./FreeRTOS/tasks.o (strcpy)
c:/nxp/lpcxpresso_8.2.2_650/lpcxpresso/tools/bin/../lib/gcc/arm-none-eabi/5.4.1/../../../../arm-none-eabi/lib/armv7-m\libcr_c.a(strlen.o)
                              ./src/main.o (strlen)
c:/nxp/lpcxpresso_8.2.2_650/lpcxpresso/tools/bin/../lib/gcc/arm-none-eabi/5.4.1/../../../../arm-none-eabi/lib/armv7-m\libcr_c.a(strncmp.o)
                              ./RecTrace/trcSnapshotRecorder.o (strncmp)
c:/nxp/lpcxpresso_8.2.2_650/lpcxpresso/tools/bin/../lib/gcc/arm-none-eabi/5.4.1/../../../../arm-none-eabi/lib/armv7-m\libcr_c.a(__fillbuf.o)
                              c:/nxp/lpcxpresso_8.2.2_650/lpcxpresso/tools/bin/../lib/gcc/arm-none-eabi/5.4.1/../../../../arm-none-eabi/lib/armv7-m\libcr_c.a(stdio.o) (__filbuf)
c:/nxp/lpcxpresso_8.2.2_650/lpcxpresso/tools/bin/../lib/gcc/arm-none-eabi/5.4.1/../../../../arm-none-eabi/lib/armv7-m\libcr_c.a(__init_alloc.o)
                              c:/nxp/lpcxpresso_8.2.2_650/lpcxpresso/tools/bin/../lib/gcc/arm-none-eabi/5.4.1/../../../../arm-none-eabi/lib/armv7-m\libcr_c.a(alloc.o) (__heaps)
c:/nxp/lpcxpresso_8.2.2_650/lpcxpresso/tools/bin/../lib/gcc/arm-none-eabi/5.4.1/../../../../arm-none-eabi/lib/armv7-m\libcr_c.a(_cr_sbrk.o)
                              c:/nxp/lpcxpresso_8.2.2_650/lpcxpresso/tools/bin/../lib/gcc/arm-none-eabi/5.4.1/../../../../arm-none-eabi/lib/armv7-m\libcr_c.a(alloc.o) (_sbrk)
c:/nxp/lpcxpresso_8.2.2_650/lpcxpresso/tools/bin/../lib/gcc/arm-none-eabi/5.4.1/../../../../arm-none-eabi/lib/armv7-m\libcr_c.a(_deferredlazyseek.o)
                              c:/nxp/lpcxpresso_8.2.2_650/lpcxpresso/tools/bin/../lib/gcc/arm-none-eabi/5.4.1/../../../../arm-none-eabi/lib/armv7-m\libcr_c.a(__fillbuf.o) (_deferredlazyseek)
c:/nxp/lpcxpresso_8.2.2_650/lpcxpresso/tools/bin/../lib/gcc/arm-none-eabi/5.4.1/../../../../arm-none-eabi/lib/armv7-m\libcr_c.a(_fdopen.o)
[...]
Memory Configuration

Name             Origin             Length             Attributes
MFlash512        0x00000000         0x00080000         xr
RamLoc32         0x10000000         0x00008000         xrw
RamAHB32         0x2007c000         0x00008000         xrw
*default*        0x00000000         0xffffffff

Linker script and memory map

LOAD ./src/cr_startup_lpc17.o
LOAD ./src/crp.o
LOAD ./src/main.o
LOAD ./RecTrace/trcKernelPort.o
LOAD ./RecTrace/trcSnapshotRecorder.o
LOAD ./RecTrace/trcStreamingPort.o
LOAD ./RecTrace/trcStreamingRecorder.o
LOAD ./FreeRTOS/portable/heap_3.o
LOAD ./FreeRTOS/portable/mpu_wrappers.o
LOAD ./FreeRTOS/portable/port.o
LOAD ./FreeRTOS/croutine.o
LOAD ./FreeRTOS/event_groups.o
LOAD ./FreeRTOS/list.o
LOAD ./FreeRTOS/queue.o
LOAD ./FreeRTOS/stream_buffer.o
LOAD ./FreeRTOS/tasks.o
LOAD ./FreeRTOS/timers.o
LOAD C:\Users\kzax\workspace\freeRTOS_v10\CMSIS_CORE_LPC17xx\Debug\libCMSIS_CORE_LPC17xx.a
START GROUP
LOAD c:/nxp/lpcxpresso_8.2.2_650/lpcxpresso/tools/bin/../lib/gcc/arm-none-eabi/5.4.1/../../../../arm-none-eabi/lib/armv7-m\libcr_semihost.a
LOAD c:/nxp/lpcxpresso_8.2.2_650/lpcxpresso/tools/bin/../lib/gcc/arm-none-eabi/5.4.1/../../../../arm-none-eabi/lib/armv7-m\libcr_c.a
LOAD c:/nxp/lpcxpresso_8.2.2_650/lpcxpresso/tools/bin/../lib/gcc/arm-none-eabi/5.4.1/armv7-m\libcr_eabihelpers.a
END GROUP
                0x00000000                __base_MFlash512 = 0x0
                0x00000000                __base_Flash = 0x0
                0x00080000                __top_MFlash512 = 0x80000
                0x00080000                __top_Flash = 0x80000
                0x10000000                __base_RamLoc32 = 0x10000000
                0x10000000                __base_RAM = 0x10000000
                0x10008000                __top_RamLoc32 = 0x10008000
                0x10008000                __top_RAM = 0x10008000
                0x2007c000                __base_RamAHB32 = 0x2007c000
                0x2007c000                __base_RAM2 = 0x2007c000
                0x20084000                __top_RamAHB32 = 0x20084000
                0x20084000                __top_RAM2 = 0x20084000

.text           0x00000000     0x8218
 FILL mask 0xff
                0x00000000                __vectors_start__ = ABSOLUTE (.)
 *(.isr_vector)
 .isr_vector    0x00000000       0xcc ./src/cr_startup_lpc17.o
                0x00000000                g_pfnVectors
                0x000000cc                . = ALIGN (0x4)
                0x000000cc                __section_table_start = .
                0x000000cc                __data_section_table = .
                0x000000cc        0x4 LONG 0x8218 LOADADDR (.data)
                0x000000d0        0x4 LONG 0x10000000 ADDR (.data)
                0x000000d4        0x4 LONG 0x100 SIZEOF (.data)
                0x000000d8        0x4 LONG 0x8218 LOADADDR (.data_RAM2)
                0x000000dc        0x4 LONG 0x2007c000 ADDR (.data_RAM2)
                0x000000e0        0x4 LONG 0x0 SIZEOF (.data_RAM2)
                0x000000e4                __data_section_table_end = .
                0x000000e4                __bss_section_table = .
                0x000000e4        0x4 LONG 0x10000100 ADDR (.bss)
                0x000000e8        0x4 LONG 0x36c SIZEOF (.bss)
                0x000000ec        0x4 LONG 0x2007c000 ADDR (.bss_RAM2)
                0x000000f0        0x4 LONG 0x0 SIZEOF (.bss_RAM2)
                0x000000f4                __bss_section_table_end = .
                0x000000f4                __section_table_end = .
 *(.after_vectors*)
                0x000002fc                . = 0x2fc
 *fill*         0x000000f4      0x208 ff
                0x000002fc                PROVIDE (__CRP_WORD_START__, .)
 *(.crp)
 .crp           0x000002fc        0x4 ./src/crp.o
                0x000002fc                CRP_WORD
                0x00000300                PROVIDE (__CRP_WORD_END__, .)
                0x00000001                ASSERT (! ((__CRP_WORD_START__ == __CRP_WORD_END__)), Linker CRP Enabled, but no CRP_WORD provided within application)
 *(.text*)
 .text.ResetISR
                0x00000300       0x58 ./src/cr_startup_lpc17.o
                0x00000300                ResetISR
 .text.NMI_Handler
                0x00000358        0x8 ./src/cr_startup_lpc17.o
                0x00000358                NMI_Handler
 .text.HardFault_Handler
                0x00000360        0x8 ./src/cr_startup_lpc17.o
                0x00000360                HardFault_Handler
 .text.MemManage_Handler
                0x00000368        0x8 ./src/cr_startup_lpc17.o
                0x00000368                MemManage_Handler
 .text.BusFault_Handler
                0x00000370        0x8 ./src/cr_startup_lpc17.o
                0x00000370                BusFault_Handler
 .text.UsageFault_Handler
                0x00000378        0x8 ./src/cr_startup_lpc17.o
                0x00000378                UsageFault_Handler
 .text.DebugMon_Handler
                0x00000380        0x8 ./src/cr_startup_lpc17.o
                0x00000380                DebugMon_Handler
 .text.IntDefaultHandler
                0x00000388        0x8 ./src/cr_startup_lpc17.o
                0x00000388                TIMER2_IRQHandler
                0x00000388                RIT_IRQHandler
                0x00000388                I2C0_IRQHandler
                0x00000388                USBActivity_IRQHandler
                0x00000388                PWM1_IRQHandler
                0x00000388                I2C1_IRQHandler
                0x00000388                EINT2_IRQHandler
                0x00000388                UART1_IRQHandler
                0x00000388                EINT3_IRQHandler
                0x00000388                CANActivity_IRQHandler
                0x00000388                TIMER3_IRQHandler
                0x00000388                UART0_IRQHandler
                0x00000388                IntDefaultHandler
                0x00000388                PLL0_IRQHandler
                0x00000388                CAN_IRQHandler
                0x00000388                PLL1_IRQHandler
                0x00000388                SSP0_IRQHandler
                0x00000388                I2S_IRQHandler
                0x00000388                I2C2_IRQHandler
                0x00000388                RTC_IRQHandler
                0x00000388                TIMER0_IRQHandler
                0x00000388                SPI_IRQHandler
                0x00000388                EINT1_IRQHandler
                0x00000388                TIMER1_IRQHandler
                0x00000388                UART2_IRQHandler
                0x00000388                ADC_IRQHandler
                0x00000388                SSP1_IRQHandler
                0x00000388                USB_IRQHandler
                0x00000388                BOD_IRQHandler
                0x00000388                WDT_IRQHandler
                0x00000388                QEI_IRQHandler
                0x00000388                EINT0_IRQHandler
                0x00000388                DMA_IRQHandler
                0x00000388                UART3_IRQHandler
                0x00000388                MCPWM_IRQHandler
                0x00000388                ENET_IRQHandler
 .text.main     0x00000390      0x134 ./src/main.o
                0x00000390                main
 .text.vPeriodicSenderTask
                0x000004c4       0x84 ./src/main.o
 .text.vAperiodicSenderTask
                0x00000548       0xdc ./src/main.o
 .text.vReceiverTask
                0x00000624       0x7c ./src/main.o
 .text.vRandomString
                0x000006a0       0x98 ./src/main.o
                0x000006a0                vRandomString
 .text.vToggleLED
                0x00000738       0x30 ./src/main.o
 .text.vConfigureTimerForRunTimeStats
                0x00000768       0x78 ./src/main.o
                0x00000768                vConfigureTimerForRunTimeStats
 .text.consoleprint
                0x000007e0       0x28 ./src/main.o
                0x000007e0                consoleprint
 .text.vPrintString
                0x00000808       0x30 ./src/main.o
                0x00000808                vPrintString
 .text.prvTraceGetQueueNumber
                0x00000838       0x18 ./RecTrace/trcKernelPort.o
                0x00000838                prvTraceGetQueueNumber
 .text.prvTraceGetQueueType
                0x00000850       0x18 ./RecTrace/trcKernelPort.o
                0x00000850                prvTraceGetQueueType
 .text.prvTraceGetTaskNumberLow16
                0x00000868       0x1c ./RecTrace/trcKernelPort.o
                0x00000868                prvTraceGetTaskNumberLow16
 .text.prvTraceGetTaskNumberHigh16
                0x00000884       0x1c ./RecTrace/trcKernelPort.o
                0x00000884                prvTraceGetTaskNumberHigh16
 .text.prvTraceSetTaskNumberLow16
                0x000008a0       0x2c ./RecTrace/trcKernelPort.o
                0x000008a0                prvTraceSetTaskNumberLow16
 .text.prvTraceSetTaskNumberHigh16
                0x000008cc       0x2c ./RecTrace/trcKernelPort.o
                0x000008cc                prvTraceSetTaskNumberHigh16
 .text.prvTraceGetQueueNumberLow16
                0x000008f8       0x1c ./RecTrace/trcKernelPort.o
                0x000008f8                prvTraceGetQueueNumberLow16
 .text.prvTraceGetQueueNumberHigh16
                0x00000914       0x1c ./RecTrace/trcKernelPort.o
                0x00000914                prvTraceGetQueueNumberHigh16
 .text.prvTraceSetQueueNumberLow16
                0x00000930       0x2c ./RecTrace/trcKernelPort.o
                0x00000930                prvTraceSetQueueNumberLow16
 .text.prvTraceSetQueueNumberHigh16
                0x0000095c       0x2c ./RecTrace/trcKernelPort.o
                0x0000095c                prvTraceSetQueueNumberHigh16
 .text.prvTraceGetCurrentTaskHandle
                0x00000988       0x10 ./RecTrace/trcKernelPort.o
                0x00000988                prvTraceGetCurrentTaskHandle
 .text.vTraceInitObjectPropertyTable
                0x00000998      0x198 ./RecTrace/trcKernelPort.o
                0x00000998                vTraceInitObjectPropertyTable
 .text.vTraceInitObjectHandleStack
                0x00000b30       0xc4 ./RecTrace/trcKernelPort.o
                0x00000b30                vTraceInitObjectHandleStack
 .text.pszTraceGetErrorNotEnoughHandles
                0x00000bf4       0x94 ./RecTrace/trcKernelPort.o
                0x00000bf4                pszTraceGetErrorNotEnoughHandles
 .text.vTraceEnable
                0x00000c88       0x44 ./RecTrace/trcSnapshotRecorder.o
                0x00000c88                vTraceEnable
 .text.uiTraceStart
                0x00000ccc       0xdc ./RecTrace/trcSnapshotRecorder.o
                0x00000ccc                uiTraceStart
 .text.vTraceStart
                0x00000da8        0xc ./RecTrace/trcSnapshotRecorder.o
                0x00000da8                vTraceStart
 .text.vTraceStop
                0x00000db4       0x30 ./RecTrace/trcSnapshotRecorder.o
                0x00000db4                vTraceStop
 .text.prvTraceStoreTaskReady
                0x00000de4       0xc8 ./RecTrace/trcSnapshotRecorder.o
                0x00000de4                prvTraceStoreTaskReady
 .text.vTraceStoreMemMangEvent
                0x00000eac      0x110 ./RecTrace/trcSnapshotRecorder.o
                0x00000eac                vTraceStoreMemMangEvent
 .text.prvTraceStoreKernelCall
                0x00000fbc       0xf4 ./RecTrace/trcSnapshotRecorder.o
                0x00000fbc                prvTraceStoreKernelCall
 .text.prvTraceStoreKernelCallWithParam
                0x000010b0      0x104 ./RecTrace/trcSnapshotRecorder.o
                0x000010b0                prvTraceStoreKernelCallWithParam
 .text.prvTraceGetParam
                0x000011b4       0x78 ./RecTrace/trcSnapshotRecorder.o
 .text.prvTraceStoreKernelCallWithNumericParamOnly
                0x0000122c       0xc8 ./RecTrace/trcSnapshotRecorder.o
                0x0000122c                prvTraceStoreKernelCallWithNumericParamOnly
 .text.prvTraceStoreTaskswitch
                0x000012f4       0xe0 ./RecTrace/trcSnapshotRecorder.o
                0x000012f4                prvTraceStoreTaskswitch
 .text.prvTraceSetPriorityProperty
                0x000013d4       0x78 ./RecTrace/trcSnapshotRecorder.o
                0x000013d4                prvTraceSetPriorityProperty
 .text.prvTraceGetPriorityProperty
                0x0000144c       0x7c ./RecTrace/trcSnapshotRecorder.o
                0x0000144c                prvTraceGetPriorityProperty
 .text.prvTraceSetObjectState
                0x000014c8       0x78 ./RecTrace/trcSnapshotRecorder.o
                0x000014c8                prvTraceSetObjectState
 .text.prvTraceGetObjectState
                0x00001540       0x78 ./RecTrace/trcSnapshotRecorder.o
 .text.prvTraceSetTaskInstanceFinished
                0x000015b8       0x54 ./RecTrace/trcSnapshotRecorder.o
                0x000015b8                prvTraceSetTaskInstanceFinished
 .text.prvTraceInitTraceData
                0x0000160c      0x240 ./RecTrace/trcSnapshotRecorder.o
 .text.prvTraceNextFreeEventBufferSlot
                0x0000184c       0x48 ./RecTrace/trcSnapshotRecorder.o
 .text.uiIndexOfObject
                0x00001894       0xb0 ./RecTrace/trcSnapshotRecorder.o
                0x00001894                uiIndexOfObject
 .text.prvTraceGetObjectHandle
                0x00001944      0x158 ./RecTrace/trcSnapshotRecorder.o
                0x00001944                prvTraceGetObjectHandle
 .text.prvMarkObjectAsUsed
                0x00001a9c       0x3c ./RecTrace/trcSnapshotRecorder.o
                0x00001a9c                prvMarkObjectAsUsed
 .text.prvStrncpy
                0x00001ad8       0x4c ./RecTrace/trcSnapshotRecorder.o
 .text.prvTraceSetObjectName
                0x00001b24       0xbc ./RecTrace/trcSnapshotRecorder.o
                0x00001b24                prvTraceSetObjectName
 .text.prvTraceError
                0x00001be0       0x58 ./RecTrace/trcSnapshotRecorder.o
                0x00001be0                prvTraceError
 .text.prvCheckDataToBeOverwrittenForMultiEntryEvents
                0x00001c38      0x114 ./RecTrace/trcSnapshotRecorder.o
 .text.prvTraceUpdateCounters
                0x00001d4c       0x50 ./RecTrace/trcSnapshotRecorder.o
 .text.prvTraceGetDTS
                0x00001d9c      0x1b4 ./RecTrace/trcSnapshotRecorder.o
 .text.prvTraceInitCortexM
                0x00001f50       0x6c ./RecTrace/trcSnapshotRecorder.o
                0x00001f50                prvTraceInitCortexM
 .text.prvTracePortGetTimeStamp
                0x00001fbc       0x94 ./RecTrace/trcSnapshotRecorder.o
                0x00001fbc                prvTracePortGetTimeStamp
 .text.pvPortMalloc
                0x00002050       0x34 ./FreeRTOS/portable/heap_3.o
                0x00002050                pvPortMalloc
 .text.vPortFree
                0x00002084       0x30 ./FreeRTOS/portable/heap_3.o
                0x00002084                vPortFree
 .text.pxPortInitialiseStack
                0x000020b4       0x58 ./FreeRTOS/portable/port.o
                0x000020b4                pxPortInitialiseStack
 .text.prvTaskExitError
                0x0000210c       0x30 ./FreeRTOS/portable/port.o
 *fill*         0x0000213c        0x4 ff
 .text.vPortSVCHandler
                0x00002140       0x28 ./FreeRTOS/portable/port.o
                0x00002140                vPortSVCHandler
 .text.prvPortStartFirstTask
                0x00002168       0x20 ./FreeRTOS/portable/port.o
 .text.xPortStartScheduler
                0x00002188       0x40 ./FreeRTOS/portable/port.o
                0x00002188                xPortStartScheduler
 .text.vPortEnterCritical
                0x000021c8       0x30 ./FreeRTOS/portable/port.o
                0x000021c8                vPortEnterCritical
 .text.vPortExitCritical
                0x000021f8       0x30 ./FreeRTOS/portable/port.o
                0x000021f8                vPortExitCritical
 *fill*         0x00002228        0x8 ff
 .text.xPortPendSVHandler
                0x00002230       0x48 ./FreeRTOS/portable/port.o
                0x00002230                xPortPendSVHandler
 .text.xPortSysTickHandler
                0x00002278       0x40 ./FreeRTOS/portable/port.o
                0x00002278                xPortSysTickHandler
 .text.vPortSetupTimerInterrupt
                0x000022b8       0x44 ./FreeRTOS/portable/port.o
                0x000022b8                vPortSetupTimerInterrupt
 .text.vListInitialise
                0x000022fc       0x40 ./FreeRTOS/list.o
                0x000022fc                vListInitialise
 .text.vListInitialiseItem
                0x0000233c       0x18 ./FreeRTOS/list.o
                0x0000233c                vListInitialiseItem
 .text.vListInsertEnd
                0x00002354       0x48 ./FreeRTOS/list.o
                0x00002354                vListInsertEnd
 .text.vListInsert
                0x0000239c       0x70 ./FreeRTOS/list.o
                0x0000239c                vListInsert
 .text.uxListRemove
                0x0000240c       0x54 ./FreeRTOS/list.o
                0x0000240c                uxListRemove
 .text.xQueueGenericReset
                0x00002460       0xb4 ./FreeRTOS/queue.o
                0x00002460                xQueueGenericReset
 .text.xQueueGenericCreate
                0x00002514       0x90 ./FreeRTOS/queue.o
                0x00002514                xQueueGenericCreate
 .text.prvInitialiseNewQueue
                0x000025a4      0x130 ./FreeRTOS/queue.o
 .text.xQueueGenericSend
                0x000026d4      0x370 ./FreeRTOS/queue.o
                0x000026d4                xQueueGenericSend
 .text.xQueueReceive
                0x00002a44      0x390 ./FreeRTOS/queue.o
                0x00002a44                xQueueReceive
 .text.uxQueueGetQueueNumber
                0x00002dd4       0x18 ./FreeRTOS/queue.o
                0x00002dd4                uxQueueGetQueueNumber
 .text.vQueueSetQueueNumber
                0x00002dec       0x1c ./FreeRTOS/queue.o
                0x00002dec                vQueueSetQueueNumber
 .text.ucQueueGetQueueType
                0x00002e08       0x18 ./FreeRTOS/queue.o
                0x00002e08                ucQueueGetQueueType
 .text.prvCopyDataToQueue
                0x00002e20       0xd4 ./FreeRTOS/queue.o
 .text.prvCopyDataFromQueue
                0x00002ef4       0x4c ./FreeRTOS/queue.o
 .text.prvUnlockQueue
                0x00002f40       0xc0 ./FreeRTOS/queue.o
 .text.prvIsQueueEmpty
                0x00003000       0x2c ./FreeRTOS/queue.o
 .text.prvIsQueueFull
                0x0000302c       0x30 ./FreeRTOS/queue.o
 .text.prvNotifyQueueSetContainer
                0x0000305c      0x128 ./FreeRTOS/queue.o
 .text.xTaskCreate
                0x00003184       0x84 ./FreeRTOS/tasks.o
                0x00003184                xTaskCreate
 .text.prvInitialiseNewTask
                0x00003208       0xf4 ./FreeRTOS/tasks.o
 .text.prvAddNewTaskToReadyList
                0x000032fc      0x1a4 ./FreeRTOS/tasks.o
 .text.vTaskDelayUntil
                0x000034a0      0x110 ./FreeRTOS/tasks.o
                0x000034a0                vTaskDelayUntil
 .text.vTaskStartScheduler
                0x000035b0       0x70 ./FreeRTOS/tasks.o
                0x000035b0                vTaskStartScheduler
 .text.vTaskSuspendAll
                0x00003620       0x1c ./FreeRTOS/tasks.o
                0x00003620                vTaskSuspendAll
 .text.xTaskResumeAll
                0x0000363c      0x144 ./FreeRTOS/tasks.o
                0x0000363c                xTaskResumeAll
 .text.xTaskGetTickCount
                0x00003780       0x1c ./FreeRTOS/tasks.o
                0x00003780                xTaskGetTickCount
 .text.xTaskIncrementTick
                0x0000379c      0x1c0 ./FreeRTOS/tasks.o
                0x0000379c                xTaskIncrementTick
 .text.vTaskSwitchContext
                0x0000395c       0xf8 ./FreeRTOS/tasks.o
                0x0000395c                vTaskSwitchContext
 .text.vTaskPlaceOnEventList
                0x00003a54       0x2c ./FreeRTOS/tasks.o
                0x00003a54                vTaskPlaceOnEventList
 .text.xTaskRemoveFromEventList
                0x00003a80       0xd4 ./FreeRTOS/tasks.o
                0x00003a80                xTaskRemoveFromEventList
 .text.vTaskInternalSetTimeOutState
                0x00003b54       0x2c ./FreeRTOS/tasks.o
                0x00003b54                vTaskInternalSetTimeOutState
 .text.xTaskCheckForTimeOut
                0x00003b80       0x8c ./FreeRTOS/tasks.o
                0x00003b80                xTaskCheckForTimeOut
 .text.vTaskMissedYield
                0x00003c0c       0x18 ./FreeRTOS/tasks.o
                0x00003c0c                vTaskMissedYield
 .text.uxTaskGetTaskNumber
                0x00003c24       0x2c ./FreeRTOS/tasks.o
                0x00003c24                uxTaskGetTaskNumber
 .text.vTaskSetTaskNumber
                0x00003c50       0x24 ./FreeRTOS/tasks.o
                0x00003c50                vTaskSetTaskNumber
 .text.prvIdleTask
                0x00003c74       0x10 ./FreeRTOS/tasks.o
 .text.prvInitialiseTaskLists
                0x00003c84       0x80 ./FreeRTOS/tasks.o
 .text.prvCheckTasksWaitingTermination
                0x00003d04       0x58 ./FreeRTOS/tasks.o
 .text.prvDeleteTCB
                0x00003d5c       0x20 ./FreeRTOS/tasks.o
 .text.prvResetNextTaskUnblockTime
                0x00003d7c       0x48 ./FreeRTOS/tasks.o
 .text.xTaskGetCurrentTaskHandle
                0x00003dc4       0x1c ./FreeRTOS/tasks.o
                0x00003dc4                xTaskGetCurrentTaskHandle
 .text.xTaskPriorityDisinherit
                0x00003de0      0x150 ./FreeRTOS/tasks.o
                0x00003de0                xTaskPriorityDisinherit
 .text.prvAddCurrentTaskToDelayedList
                0x00003f30       0xcc ./FreeRTOS/tasks.o
 .text.SystemCoreClockUpdate
                0x00003ffc       0xb4 C:\Users\kzax\workspace\freeRTOS_v10\CMSIS_CORE_LPC17xx\Debug\libCMSIS_CORE_LPC17xx.a(system_LPC17xx.o)
                0x00003ffc                SystemCoreClockUpdate
 .text.SystemInit
                0x000040b0       0xe4 C:\Users\kzax\workspace\freeRTOS_v10\CMSIS_CORE_LPC17xx\Debug\libCMSIS_CORE_LPC17xx.a(system_LPC17xx.o)
                0x000040b0                SystemInit
 .text.__sys_write
                0x00004194        0xc c:/nxp/lpcxpresso_8.2.2_650/lpcxpresso/tools/bin/../lib/gcc/arm-none-eabi/5.4.1/../../../../arm-none-eabi/lib/armv7-m\libcr_semihost.a(__sys_write.o)
                0x00004194                __sys_write
                0x00004194                __write
 .text.__main   0x000041a0       0x14 c:/nxp/lpcxpresso_8.2.2_650/lpcxpresso/tools/bin/../lib/gcc/arm-none-eabi/5.4.1/../../../../arm-none-eabi/lib/armv7-m\libcr_semihost.a(_cr__main.o)
                0x000041a0                __CR_SEMIHOST
                0x000041a0                __main
 .text.memcpy   0x000041b4        0x4 c:/nxp/lpcxpresso_8.2.2_650/lpcxpresso/tools/bin/../lib/gcc/arm-none-eabi/5.4.1/../../../../arm-none-eabi/lib/armv7-m\libcr_c.a(memcpy.o)
                0x000041b4                memcpy
 .text.memset   0x000041b8        0x4 c:/nxp/lpcxpresso_8.2.2_650/lpcxpresso/tools/bin/../lib/gcc/arm-none-eabi/5.4.1/../../../../arm-none-eabi/lib/armv7-m\libcr_c.a(memset.o)
                0x000041b8                memset
 .text.malloc   0x000041bc       0xc8 c:/nxp/lpcxpresso_8.2.2_650/lpcxpresso/tools/bin/../lib/gcc/arm-none-eabi/5.4.1/../../../../arm-none-eabi/lib/armv7-m\libcr_c.a(alloc.o)
                0x000041bc                malloc
 .text.free     0x00004284       0x30 c:/nxp/lpcxpresso_8.2.2_650/lpcxpresso/tools/bin/../lib/gcc/arm-none-eabi/5.4.1/../../../../arm-none-eabi/lib/armv7-m\libcr_c.a(alloc.o)
                0x00004284                free
 .text._Csys_alloc
                0x000042b4       0x20 c:/nxp/lpcxpresso_8.2.2_650/lpcxpresso/tools/bin/../lib/gcc/arm-none-eabi/5.4.1/../../../../arm-none-eabi/lib/armv7-m\libcr_c.a(alloc.o)
                0x000042b4                _Csys_alloc
 .text.fp_round
                0x000042d4       0x4c c:/nxp/lpcxpresso_8.2.2_650/lpcxpresso/tools/bin/../lib/gcc/arm-none-eabi/5.4.1/../../../../arm-none-eabi/lib/armv7-m\libcr_c.a(fpprintf.o)
 .text.pr_dec.constprop.1
                0x00004320       0x26 c:/nxp/lpcxpresso_8.2.2_650/lpcxpresso/tools/bin/../lib/gcc/arm-none-eabi/5.4.1/../../../../arm-none-eabi/lib/armv7-m\libcr_c.a(fpprintf.o)
 *fill*         0x00004346        0x2 ff
 .text.sprintf  0x00004348       0x6c c:/nxp/lpcxpresso_8.2.2_650/lpcxpresso/tools/bin/../lib/gcc/arm-none-eabi/5.4.1/../../../../arm-none-eabi/lib/armv7-m\libcr_c.a(fpprintf.o)
                0x00004348                sprintf
 *fill*         0x000043b4        0x4 ff
 .text.fp_display
                0x000043b8      0x8ec c:/nxp/lpcxpresso_8.2.2_650/lpcxpresso/tools/bin/../lib/gcc/arm-none-eabi/5.4.1/../../../../arm-none-eabi/lib/armv7-m\libcr_c.a(fpprintf.o)
 .text.vsnprintf
                0x00004ca4       0x5c c:/nxp/lpcxpresso_8.2.2_650/lpcxpresso/tools/bin/../lib/gcc/arm-none-eabi/5.4.1/../../../../arm-none-eabi/lib/armv7-m\libcr_c.a(fpprintf.o)
                0x00004ca4                vsnprintf
 .text.printf   0x00004d00       0x54 c:/nxp/lpcxpresso_8.2.2_650/lpcxpresso/tools/bin/../lib/gcc/arm-none-eabi/5.4.1/../../../../arm-none-eabi/lib/armv7-m\libcr_c.a(fpprintf.o)
                0x00004d00                printf
 .text._initio  0x00004d54       0xa4 c:/nxp/lpcxpresso_8.2.2_650/lpcxpresso/tools/bin/../lib/gcc/arm-none-eabi/5.4.1/../../../../arm-none-eabi/lib/armv7-m\libcr_c.a(initio.o)
                0x00004d54                _initio
 .text.__vfprintf
                0x00004df8      0xd28 c:/nxp/lpcxpresso_8.2.2_650/lpcxpresso/tools/bin/../lib/gcc/arm-none-eabi/5.4.1/../../../../arm-none-eabi/lib/armv7-m\libcr_c.a(printf.o)
                0x00004df8                __vfprintf
 .text.setvbuf  0x00005b20       0x40 c:/nxp/lpcxpresso_8.2.2_650/lpcxpresso/tools/bin/../lib/gcc/arm-none-eabi/5.4.1/../../../../arm-none-eabi/lib/armv7-m\libcr_c.a(setvbuf.o)
                0x00005b20                setvbuf
 .text.rand     0x00005b60       0x3c c:/nxp/lpcxpresso_8.2.2_650/lpcxpresso/tools/bin/../lib/gcc/arm-none-eabi/5.4.1/../../../../arm-none-eabi/lib/armv7-m\libcr_c.a(stdlib.o)
                0x00005b60                rand
 .text.strlen   0x00005b9c       0x4a c:/nxp/lpcxpresso_8.2.2_650/lpcxpresso/tools/bin/../lib/gcc/arm-none-eabi/5.4.1/../../../../arm-none-eabi/lib/armv7-m\libcr_c.a(strlen.o)
                0x00005b9c                strlen
 *fill*         0x00005be6        0x2 ff
 .text._sbrk    0x00005be8       0x40 c:/nxp/lpcxpresso_8.2.2_650/lpcxpresso/tools/bin/../lib/gcc/arm-none-eabi/5.4.1/../../../../arm-none-eabi/lib/armv7-m\libcr_c.a(_cr_sbrk.o)
                0x00005be8                _sbrk
 .text._deferredlazyseek
                0x00005c28       0x44 c:/nxp/lpcxpresso_8.2.2_650/lpcxpresso/tools/bin/../lib/gcc/arm-none-eabi/5.4.1/../../../../arm-none-eabi/lib/armv7-m\libcr_c.a(_deferredlazyseek.o)
                0x00005c28                _deferredlazyseek
 .text.__flsbuf
                0x00005c6c      0x140 c:/nxp/lpcxpresso_8.2.2_650/lpcxpresso/tools/bin/../lib/gcc/arm-none-eabi/5.4.1/../../../../arm-none-eabi/lib/armv7-m\libcr_c.a(_deferredlazyseek.o)
                0x00005c6c                __flsbuf
 .text._fdopen  0x00005dac       0x6a c:/nxp/lpcxpresso_8.2.2_650/lpcxpresso/tools/bin/../lib/gcc/arm-none-eabi/5.4.1/../../../../arm-none-eabi/lib/armv7-m\libcr_c.a(_fdopen.o)
                0x00005dac                _fdopen
 .text._fflush  0x00005e16       0x58 c:/nxp/lpcxpresso_8.2.2_650/lpcxpresso/tools/bin/../lib/gcc/arm-none-eabi/5.4.1/../../../../arm-none-eabi/lib/armv7-m\libcr_c.a(_fflush.o)
                0x00005e16                _fflush
 .text._frexpl  0x00005e6e       0x5a c:/nxp/lpcxpresso_8.2.2_650/lpcxpresso/tools/bin/../lib/gcc/arm-none-eabi/5.4.1/../../../../arm-none-eabi/lib/armv7-m\libcr_c.a(_frexpl.o)
                0x00005e6e                _frexpl
 .text._ldexpl  0x00005ec8       0x4c c:/nxp/lpcxpresso_8.2.2_650/lpcxpresso/tools/bin/../lib/gcc/arm-none-eabi/5.4.1/../../../../arm-none-eabi/lib/armv7-m\libcr_c.a(_ldexpl.o)
                0x00005ec8                _ldexpl
 .text._Cwritebuf
                0x00005f14       0x68 c:/nxp/lpcxpresso_8.2.2_650/lpcxpresso/tools/bin/../lib/gcc/arm-none-eabi/5.4.1/../../../../arm-none-eabi/lib/armv7-m\libcr_c.a(_writebuf.o)
                0x00005f14                _Cwritebuf
 .text.fclose   0x00005f7c       0x6c c:/nxp/lpcxpresso_8.2.2_650/lpcxpresso/tools/bin/../lib/gcc/arm-none-eabi/5.4.1/../../../../arm-none-eabi/lib/armv7-m\libcr_c.a(fclose.o)
                0x00005f7c                fclose
 .text.fflush   0x00005fe8       0x30 c:/nxp/lpcxpresso_8.2.2_650/lpcxpresso/tools/bin/../lib/gcc/arm-none-eabi/5.4.1/../../../../arm-none-eabi/lib/armv7-m\libcr_c.a(fflush.o)
                0x00005fe8                fflush
 .text.fseek    0x00006018      0x110 c:/nxp/lpcxpresso_8.2.2_650/lpcxpresso/tools/bin/../lib/gcc/arm-none-eabi/5.4.1/../../../../arm-none-eabi/lib/armv7-m\libcr_c.a(fseek.o)
                0x00006018                fseek
 .text.ftell    0x00006128       0x4c c:/nxp/lpcxpresso_8.2.2_650/lpcxpresso/tools/bin/../lib/gcc/arm-none-eabi/5.4.1/../../../../arm-none-eabi/lib/armv7-m\libcr_c.a(ftell.o)
                0x00006128                ftell
 .text.remove   0x00006174       0x14 c:/nxp/lpcxpresso_8.2.2_650/lpcxpresso/tools/bin/../lib/gcc/arm-none-eabi/5.4.1/../../../../arm-none-eabi/lib/armv7-m\libcr_c.a(remove.o)
                0x00006174                remove
 .text.__check_heap_overflow
                0x00006188       0x18 c:/nxp/lpcxpresso_8.2.2_650/lpcxpresso/tools/bin/../lib/gcc/arm-none-eabi/5.4.1/../../../../arm-none-eabi/lib/armv7-m\libcr_c.a(_cr_check_heap.o)
                0x00006188                __check_heap_overflow
 .text._do_fflush
                0x000061a0       0x44 c:/nxp/lpcxpresso_8.2.2_650/lpcxpresso/tools/bin/../lib/gcc/arm-none-eabi/5.4.1/../../../../arm-none-eabi/lib/armv7-m\libcr_c.a(_do_fflush.o)
                0x000061a0                _do_fflush
 .text.__aeabi_division_uldivmod
                0x000061e4      0x174 c:/nxp/lpcxpresso_8.2.2_650/lpcxpresso/tools/bin/../lib/gcc/arm-none-eabi/5.4.1/armv7-m\libcr_eabihelpers.a(division_64.o)
                0x000061e4                __aeabi_uldivmod
                0x000061e8                __bhs_ldivmod1
 .text.__aeabi_division_idiv0
                0x00006358        0x2 c:/nxp/lpcxpresso_8.2.2_650/lpcxpresso/tools/bin/../lib/gcc/arm-none-eabi/5.4.1/armv7-m\libcr_eabihelpers.a(division_idiv0.o)
                0x00006358                __aeabi_idiv0
 *fill*         0x0000635a        0x2 ff
 .text.__aeabi_dmul
                0x0000635c      0x110 c:/nxp/lpcxpresso_8.2.2_650/lpcxpresso/tools/bin/../lib/gcc/arm-none-eabi/5.4.1/armv7-m\libcr_eabihelpers.a(double.o)
                0x0000635c                __aeabi_dmul
 .text.__aeabi_ddiv
                0x0000646c      0x138 c:/nxp/lpcxpresso_8.2.2_650/lpcxpresso/tools/bin/../lib/gcc/arm-none-eabi/5.4.1/armv7-m\libcr_eabihelpers.a(double.o)
                0x0000646c                __aeabi_ddiv
 .text.__aeabi_dsub
                0x000065a4      0x1a0 c:/nxp/lpcxpresso_8.2.2_650/lpcxpresso/tools/bin/../lib/gcc/arm-none-eabi/5.4.1/armv7-m\libcr_eabihelpers.a(double.o)
                0x000065a4                __aeabi_dsub
 .text.__aeabi_dadd
                0x00006744      0x10c c:/nxp/lpcxpresso_8.2.2_650/lpcxpresso/tools/bin/../lib/gcc/arm-none-eabi/5.4.1/armv7-m\libcr_eabihelpers.a(double.o)
                0x00006744                __aeabi_dadd
 .text.__aeabi_d2iz
                0x00006850       0x40 c:/nxp/lpcxpresso_8.2.2_650/lpcxpresso/tools/bin/../lib/gcc/arm-none-eabi/5.4.1/armv7-m\libcr_eabihelpers.a(double.o)
                0x00006850                __aeabi_d2iz
 .text.__bhs_ui2d
                0x00006890       0x46 c:/nxp/lpcxpresso_8.2.2_650/lpcxpresso/tools/bin/../lib/gcc/arm-none-eabi/5.4.1/armv7-m\libcr_eabihelpers.a(double.o)
                0x00006890                __bhs_ui2d
 .text.__aeabi_i2d
                0x000068d6       0x10 c:/nxp/lpcxpresso_8.2.2_650/lpcxpresso/tools/bin/../lib/gcc/arm-none-eabi/5.4.1/armv7-m\libcr_eabihelpers.a(double.o)
                0x000068d6                __aeabi_i2d
 .text.__aeabi_dcmpeq
                0x000068e6       0x2c c:/nxp/lpcxpresso_8.2.2_650/lpcxpresso/tools/bin/../lib/gcc/arm-none-eabi/5.4.1/armv7-m\libcr_eabihelpers.a(double.o)
                0x000068e6                __aeabi_dcmpeq
 .text.__aeabi_dcmplt
                0x00006912       0x54 c:/nxp/lpcxpresso_8.2.2_650/lpcxpresso/tools/bin/../lib/gcc/arm-none-eabi/5.4.1/armv7-m\libcr_eabihelpers.a(double.o)
                0x00006912                __aeabi_dcmplt
 .text.__aeabi_dcmple
                0x00006966       0x54 c:/nxp/lpcxpresso_8.2.2_650/lpcxpresso/tools/bin/../lib/gcc/arm-none-eabi/5.4.1/armv7-m\libcr_eabihelpers.a(double.o)
                0x00006966                __aeabi_dcmple
 .text.__aeabi_dcmpge
                0x000069ba       0x54 c:/nxp/lpcxpresso_8.2.2_650/lpcxpresso/tools/bin/../lib/gcc/arm-none-eabi/5.4.1/armv7-m\libcr_eabihelpers.a(double.o)
                0x000069ba                __aeabi_dcmpge
 .text.__aeabi_memcpy
                0x00006a0e       0x34 c:/nxp/lpcxpresso_8.2.2_650/lpcxpresso/tools/bin/../lib/gcc/arm-none-eabi/5.4.1/armv7-m\libcr_eabihelpers.a(memcpy.o)
                0x00006a0e                __aeabi_memcpy
                0x00006a18                __aeabi_memcpy8
                0x00006a18                __aeabi_memcpy4
 .text.__aeabi_memset_lowlevel
                0x00006a42       0x32 c:/nxp/lpcxpresso_8.2.2_650/lpcxpresso/tools/bin/../lib/gcc/arm-none-eabi/5.4.1/armv7-m\libcr_eabihelpers.a(memcpy.o)
                0x00006a42                __aeabi_lowlevel_memset
 .text.__sys_appexit
                0x00006a74        0xc c:/nxp/lpcxpresso_8.2.2_650/lpcxpresso/tools/bin/../lib/gcc/arm-none-eabi/5.4.1/../../../../arm-none-eabi/lib/armv7-m\libcr_semihost.a(__sys_appexit.o)
                0x00006a74                __sys_appexit
                0x00006a74                __exit
 .text.__sys_close
                0x00006a80        0xc c:/nxp/lpcxpresso_8.2.2_650/lpcxpresso/tools/bin/../lib/gcc/arm-none-eabi/5.4.1/../../../../arm-none-eabi/lib/armv7-m\libcr_semihost.a(__sys_close.o)
                0x00006a80                __sys_close
 .text.__sys_flen
                0x00006a8c        0xc c:/nxp/lpcxpresso_8.2.2_650/lpcxpresso/tools/bin/../lib/gcc/arm-none-eabi/5.4.1/../../../../arm-none-eabi/lib/armv7-m\libcr_semihost.a(__sys_flen.o)
                0x00006a8c                __sys_flen
 .text.__sys_istty
                0x00006a98        0xc c:/nxp/lpcxpresso_8.2.2_650/lpcxpresso/tools/bin/../lib/gcc/arm-none-eabi/5.4.1/../../../../arm-none-eabi/lib/armv7-m\libcr_semihost.a(__sys_istty.o)
                0x00006a98                __sys_istty
 .text.__sys_remove
                0x00006aa4        0xc c:/nxp/lpcxpresso_8.2.2_650/lpcxpresso/tools/bin/../lib/gcc/arm-none-eabi/5.4.1/../../../../arm-none-eabi/lib/armv7-m\libcr_semihost.a(__sys_remove.o)
                0x00006aa4                __sys_remove
 .text.__sys_seek
                0x00006ab0        0xc c:/nxp/lpcxpresso_8.2.2_650/lpcxpresso/tools/bin/../lib/gcc/arm-none-eabi/5.4.1/../../../../arm-none-eabi/lib/armv7-m\libcr_semihost.a(__sys_seek.o)
                0x00006ab0                __sys_seek
 .text.__sys_tmpnam
                0x00006abc        0xc c:/nxp/lpcxpresso_8.2.2_650/lpcxpresso/tools/bin/../lib/gcc/arm-none-eabi/5.4.1/../../../../arm-none-eabi/lib/armv7-m\libcr_semihost.a(__sys_tmpnam.o)
                0x00006abc                __sys_tmpnam
 *(.rodata .rodata.* .constdata .constdata.*)
 .rodata        0x00006ac8      0x219 ./src/main.o
 *fill*         0x00006ce1        0x3 ff
 .rodata        0x00006ce4      0x2fe ./RecTrace/trcKernelPort.o
 *fill*         0x00006fe2        0x2 ff
 .rodata        0x00006fe4     0x1174 ./RecTrace/trcSnapshotRecorder.o
 .rodata        0x00008158       0x30 ./FreeRTOS/tasks.o
 .rodata.str1.1
                0x00008188       0x18 c:/nxp/lpcxpresso_8.2.2_650/lpcxpresso/tools/bin/../lib/gcc/arm-none-eabi/5.4.1/../../../../arm-none-eabi/lib/armv7-m\libcr_c.a(alloc.o)
 .rodata.str1.1
                0x000081a0       0x34 c:/nxp/lpcxpresso_8.2.2_650/lpcxpresso/tools/bin/../lib/gcc/arm-none-eabi/5.4.1/../../../../arm-none-eabi/lib/armv7-m\libcr_c.a(fpprintf.o)
                                 0x35 (size before relaxing)
 .rodata.str1.1
                0x000081d4        0x4 c:/nxp/lpcxpresso_8.2.2_650/lpcxpresso/tools/bin/../lib/gcc/arm-none-eabi/5.4.1/../../../../arm-none-eabi/lib/armv7-m\libcr_c.a(initio.o)
 .rodata.str1.1
                0x000081d8       0x31 c:/nxp/lpcxpresso_8.2.2_650/lpcxpresso/tools/bin/../lib/gcc/arm-none-eabi/5.4.1/../../../../arm-none-eabi/lib/armv7-m\libcr_c.a(printf.o)
                                 0x38 (size before relaxing)
 *fill*         0x00008209        0x7 ff
 .rodata.__huge_vall
                0x00008210        0x8 c:/nxp/lpcxpresso_8.2.2_650/lpcxpresso/tools/bin/../lib/gcc/arm-none-eabi/5.4.1/../../../../arm-none-eabi/lib/armv7-m\libcr_c.a(_hugeval.o)
                0x00008210                __huge_vall
                0x00008218                . = ALIGN (0x4)

.glue_7         0x00008218        0x0
 .glue_7        0x00008218        0x0 linker stubs

.glue_7t        0x00008218        0x0
 .glue_7t       0x00008218        0x0 linker stubs

.vfp11_veneer   0x00008218        0x0
 .vfp11_veneer  0x00008218        0x0 linker stubs

.v4_bx          0x00008218        0x0
 .v4_bx         0x00008218        0x0 linker stubs

.iplt           0x00008218        0x0
 .iplt          0x00008218        0x0 ./src/cr_startup_lpc17.o

.rel.dyn        0x00008218        0x0
 .rel.iplt      0x00008218        0x0 ./src/cr_startup_lpc17.o

.ARM.extab
 *(.ARM.extab* .gnu.linkonce.armextab.*)
                0x00008218                __exidx_start = .

.ARM.exidx
 *(.ARM.exidx* .gnu.linkonce.armexidx.*)
                0x00008218                __exidx_end = .
                0x00008218                _etext = .

.data_RAM2      0x2007c000        0x0 load address 0x00008218
 FILL mask 0xff
                [!provide]                PROVIDE (__start_data_RAM2, .)
 *(.ramfunc.$RAM2)
 *(.ramfunc.$RamAHB32)
 *(.data.$RAM2*)
 *(.data.$RamAHB32*)
                0x2007c000                . = ALIGN (0x4)
                [!provide]                PROVIDE (__end_data_RAM2, .)

.uninit_RESERVED
                0x10000000        0x0
 *(.bss.$RESERVED*)
                0x10000000                . = ALIGN (0x4)
                0x10000000                _end_uninit_RESERVED = .

.data           0x10000000      0x100 load address 0x00008218
 FILL mask 0xff
                0x10000000                _data = .
 *(vtable)
 *(.ramfunc*)
 *(.data*)
 .data.leters.6399
                0x10000000        0x4 ./src/main.o
 .data.TraceQueueClassTable
                0x10000004        0x5 ./RecTrace/trcKernelPort.o
                0x10000004                TraceQueueClassTable
 *fill*         0x10000009        0x3 ff
 .data.readyEventsEnabled
                0x1000000c        0x4 ./RecTrace/trcSnapshotRecorder.o
 .data.CurrentFilterMask
                0x10000010        0x2 ./RecTrace/trcSnapshotRecorder.o
                0x10000010                CurrentFilterMask
 .data.CurrentFilterGroup
                0x10000012        0x2 ./RecTrace/trcSnapshotRecorder.o
                0x10000012                CurrentFilterGroup
 .data.uxCriticalNesting
                0x10000014        0x4 ./FreeRTOS/portable/port.o
 .data.SystemCoreClock
                0x10000018        0x4 C:\Users\kzax\workspace\freeRTOS_v10\CMSIS_CORE_LPC17xx\Debug\libCMSIS_CORE_LPC17xx.a(system_LPC17xx.o)
                0x10000018                SystemCoreClock
 .data._random_number_seed
                0x1000001c       0xdc c:/nxp/lpcxpresso_8.2.2_650/lpcxpresso/tools/bin/../lib/gcc/arm-none-eabi/5.4.1/../../../../arm-none-eabi/lib/armv7-m\libcr_c.a(stdlib.o)
 .data._random_j
                0x100000f8        0x4 c:/nxp/lpcxpresso_8.2.2_650/lpcxpresso/tools/bin/../lib/gcc/arm-none-eabi/5.4.1/../../../../arm-none-eabi/lib/armv7-m\libcr_c.a(stdlib.o)
 .data._random_k
                0x100000fc        0x4 c:/nxp/lpcxpresso_8.2.2_650/lpcxpresso/tools/bin/../lib/gcc/arm-none-eabi/5.4.1/../../../../arm-none-eabi/lib/armv7-m\libcr_c.a(stdlib.o)
                0x10000100                . = ALIGN (0x4)
                0x10000100                _edata = .

.igot.plt       0x10000100        0x0 load address 0x00008318
 .igot.plt      0x10000100        0x0 ./src/cr_startup_lpc17.o

.bss_RAM2       0x2007c000        0x0
                [!provide]                PROVIDE (__start_bss_RAM2, .)
 *(.bss.$RAM2*)
 *(.bss.$RamAHB32*)
                0x2007c000                . = ALIGN ((. != 0x0)?0x4:0x1)
                [!provide]                PROVIDE (__end_bss_RAM2, .)

.bss            0x10000100      0x36c
                0x10000100                _bss = .
 *(.bss*)
 .bss.cBuffer   0x10000100       0x32 ./src/main.o
 *fill*         0x10000132        0x2 
 .bss.coreClock_1
                0x10000134        0x4 ./src/main.o
                0x10000134                coreClock_1
 .bss.coreClock_2
                0x10000138        0x4 ./src/main.o
                0x10000138                coreClock_2
 .bss.xPointerQueue
                0x1000013c        0x4 ./src/main.o
                0x1000013c                xPointerQueue
 .bss.isPendingContextSwitch
                0x10000140        0x4 ./RecTrace/trcSnapshotRecorder.o
                0x10000140                isPendingContextSwitch
 .bss.uiTraceTickCount
                0x10000144        0x4 ./RecTrace/trcSnapshotRecorder.o
                0x10000144                uiTraceTickCount
 .bss.trace_disable_timestamp
                0x10000148        0x4 ./RecTrace/trcSnapshotRecorder.o
                0x10000148                trace_disable_timestamp
 .bss.last_timestamp
                0x1000014c        0x4 ./RecTrace/trcSnapshotRecorder.o
 .bss.recorder_busy
                0x10000150        0x4 ./RecTrace/trcSnapshotRecorder.o
                0x10000150                recorder_busy
 .bss.timestampFrequency
                0x10000154        0x4 ./RecTrace/trcSnapshotRecorder.o
                0x10000154                timestampFrequency
 .bss.traceErrorMessage
                0x10000158        0x4 ./RecTrace/trcSnapshotRecorder.o
                0x10000158                traceErrorMessage
 .bss.handle_of_last_logged_task
                0x1000015c        0x1 ./RecTrace/trcSnapshotRecorder.o
                0x1000015c                handle_of_last_logged_task
 *fill*         0x1000015d        0x3 
 .bss.vTraceStopHookPtr
                0x10000160        0x4 ./RecTrace/trcSnapshotRecorder.o
                0x10000160                vTraceStopHookPtr
 .bss.heapMemUsage
                0x10000164        0x4 ./RecTrace/trcSnapshotRecorder.o
 .bss.objectHandleStacks
                0x10000168       0x8a ./RecTrace/trcSnapshotRecorder.o
                0x10000168                objectHandleStacks
 *fill*         0x100001f2        0x2 
 .bss.init_hwtc_count
                0x100001f4        0x4 ./RecTrace/trcSnapshotRecorder.o
                0x100001f4                init_hwtc_count
 .bss.RecorderDataPtr
                0x100001f8        0x4 ./RecTrace/trcSnapshotRecorder.o
                0x100001f8                RecorderDataPtr
 .bss.indexOfHandle.5908
                0x100001fc        0x4 ./RecTrace/trcSnapshotRecorder.o
 .bss.idx.5935  0x10000200        0x2 ./RecTrace/trcSnapshotRecorder.o
 *fill*         0x10000202        0x2 
 .bss.old_timestamp.5971
                0x10000204        0x4 ./RecTrace/trcSnapshotRecorder.o
 .bss.last_hwtc_count.6009
                0x10000208        0x4 ./RecTrace/trcSnapshotRecorder.o
 .bss.last_hwtc_rest.6011
                0x1000020c        0x4 ./RecTrace/trcSnapshotRecorder.o
 .bss.pxCurrentTCB
                0x10000210        0x4 ./FreeRTOS/tasks.o
                0x10000210                pxCurrentTCB
 .bss.pxReadyTasksLists
                0x10000214       0x64 ./FreeRTOS/tasks.o
 .bss.xDelayedTaskList1
                0x10000278       0x14 ./FreeRTOS/tasks.o
 .bss.xDelayedTaskList2
                0x1000028c       0x14 ./FreeRTOS/tasks.o
 .bss.pxDelayedTaskList
                0x100002a0        0x4 ./FreeRTOS/tasks.o
 .bss.pxOverflowDelayedTaskList
                0x100002a4        0x4 ./FreeRTOS/tasks.o
 .bss.xPendingReadyList
                0x100002a8       0x14 ./FreeRTOS/tasks.o
 .bss.xTasksWaitingTermination
                0x100002bc       0x14 ./FreeRTOS/tasks.o
 .bss.uxDeletedTasksWaitingCleanUp
                0x100002d0        0x4 ./FreeRTOS/tasks.o
 .bss.xSuspendedTaskList
                0x100002d4       0x14 ./FreeRTOS/tasks.o
 .bss.uxCurrentNumberOfTasks
                0x100002e8        0x4 ./FreeRTOS/tasks.o
 .bss.xTickCount
                0x100002ec        0x4 ./FreeRTOS/tasks.o
 .bss.uxTopReadyPriority
                0x100002f0        0x4 ./FreeRTOS/tasks.o
 .bss.xSchedulerRunning
                0x100002f4        0x4 ./FreeRTOS/tasks.o
 .bss.uxPendedTicks
                0x100002f8        0x4 ./FreeRTOS/tasks.o
 .bss.xYieldPending
                0x100002fc        0x4 ./FreeRTOS/tasks.o
 .bss.xNumOfOverflows
                0x10000300        0x4 ./FreeRTOS/tasks.o
 .bss.uxTaskNumber
                0x10000304        0x4 ./FreeRTOS/tasks.o
 .bss.xNextTaskUnblockTime
                0x10000308        0x4 ./FreeRTOS/tasks.o
 .bss.xIdleTaskHandle
                0x1000030c        0x4 ./FreeRTOS/tasks.o
 .bss.uxSchedulerSuspended
                0x10000310        0x4 ./FreeRTOS/tasks.o
 .bss.ulTaskSwitchedInTime
                0x10000314        0x4 ./FreeRTOS/tasks.o
 .bss.ulTotalRunTime
                0x10000318        0x4 ./FreeRTOS/tasks.o
 .bss._extra    0x1000031c        0x4 c:/nxp/lpcxpresso_8.2.2_650/lpcxpresso/tools/bin/../lib/gcc/arm-none-eabi/5.4.1/../../../../arm-none-eabi/lib/armv7-m\libcr_c.a(initio.o)
                0x1000031c                _extra
 .bss.__Ciob    0x10000320      0x140 c:/nxp/lpcxpresso_8.2.2_650/lpcxpresso/tools/bin/../lib/gcc/arm-none-eabi/5.4.1/../../../../arm-none-eabi/lib/armv7-m\libcr_c.a(stdio.o)
                0x10000320                __Ciob
 .bss.__heaps   0x10000460        0x4 c:/nxp/lpcxpresso_8.2.2_650/lpcxpresso/tools/bin/../lib/gcc/arm-none-eabi/5.4.1/../../../../arm-none-eabi/lib/armv7-m\libcr_c.a(__init_alloc.o)
                0x10000460                __heaps
 .bss.__end_of_heap
                0x10000464        0x4 c:/nxp/lpcxpresso_8.2.2_650/lpcxpresso/tools/bin/../lib/gcc/arm-none-eabi/5.4.1/../../../../arm-none-eabi/lib/armv7-m\libcr_c.a(__init_alloc.o)
                0x10000464                __end_of_heap
 .bss.errno     0x10000468        0x4 c:/nxp/lpcxpresso_8.2.2_650/lpcxpresso/tools/bin/../lib/gcc/arm-none-eabi/5.4.1/../../../../arm-none-eabi/lib/armv7-m\libcr_c.a(errno.o)
                0x10000468                errno
 *(COMMON)
                0x1000046c                . = ALIGN (0x4)
                0x1000046c                _ebss = .
                [!provide]                PROVIDE (end, .)

.noinit_RAM2    0x2007c000        0x0
 *(.noinit.$RAM2*)
 *(.noinit.$RamAHB32*)
                0x2007c000                . = ALIGN (0x4)

.noinit         0x1000046c        0x0
                0x1000046c                _noinit = .
 *(.noinit*)
                0x1000046c                . = ALIGN (0x4)
                0x1000046c                _end_noinit = .
                0x1000046c                PROVIDE (_pvHeapStart, DEFINED (__user_heap_base)?__user_heap_base:.)
                0x10008000                PROVIDE (_vStackTop, DEFINED (__user_stack_top)?__user_stack_top:(__top_RamLoc32 - 0x0))
                [!provide]                PROVIDE (__valid_user_code_checksum, (0x0 - ((((((_vStackTop + (ResetISR + 0x1)) + (NMI_Handler + 0x1)) + (HardFault_Handler + 0x1)) + (DEFINED (MemManage_Handler)?MemManage_Handler:0x0 + 0x1)) + (DEFINED (BusFault_Handler)?BusFault_Handler:0x0 + 0x1)) + (DEFINED (UsageFault_Handler)?UsageFault_Handler:0x0 + 0x1))))
OUTPUT(tp4_semihosted.axf elf32-littlearm)

.debug_info     0x00000000     0x735b
 .debug_info    0x00000000      0x1bd ./src/cr_startup_lpc17.o
 .debug_info    0x000001bd       0x3f ./src/crp.o
 .debug_info    0x000001fc      0xba0 ./src/main.o
 .debug_info    0x00000d9c      0xa40 ./RecTrace/trcKernelPort.o
 .debug_info    0x000017dc     0x21f9 ./RecTrace/trcSnapshotRecorder.o
 .debug_info    0x000039d5      0x112 ./FreeRTOS/portable/heap_3.o
 .debug_info    0x00003ae7      0x306 ./FreeRTOS/portable/port.o
 .debug_info    0x00003ded      0x2c2 ./FreeRTOS/list.o
 .debug_info    0x000040af     0x12f4 ./FreeRTOS/queue.o
 .debug_info    0x000053a3     0x1ca0 ./FreeRTOS/tasks.o
 .debug_info    0x00007043      0x318 C:\Users\kzax\workspace\freeRTOS_v10\CMSIS_CORE_LPC17xx\Debug\libCMSIS_CORE_LPC17xx.a(system_LPC17xx.o)

.debug_abbrev   0x00000000     0x1259
 .debug_abbrev  0x00000000       0xb9 ./src/cr_startup_lpc17.o
 .debug_abbrev  0x000000b9       0x36 ./src/crp.o
 .debug_abbrev  0x000000ef      0x279 ./src/main.o
 .debug_abbrev  0x00000368      0x196 ./RecTrace/trcKernelPort.o
 .debug_abbrev  0x000004fe      0x33d ./RecTrace/trcSnapshotRecorder.o
 .debug_abbrev  0x0000083b       0xbc ./FreeRTOS/portable/heap_3.o
 .debug_abbrev  0x000008f7      0x1de ./FreeRTOS/portable/port.o
 .debug_abbrev  0x00000ad5       0xdb ./FreeRTOS/list.o
 .debug_abbrev  0x00000bb0      0x2b9 ./FreeRTOS/queue.o
 .debug_abbrev  0x00000e69      0x30a ./FreeRTOS/tasks.o
 .debug_abbrev  0x00001173       0xe6 C:\Users\kzax\workspace\freeRTOS_v10\CMSIS_CORE_LPC17xx\Debug\libCMSIS_CORE_LPC17xx.a(system_LPC17xx.o)

.debug_aranges  0x00000000      0x838
 .debug_aranges
                0x00000000       0x70 ./src/cr_startup_lpc17.o
 .debug_aranges
                0x00000070       0x18 ./src/crp.o
 .debug_aranges
                0x00000088       0x70 ./src/main.o
 .debug_aranges
                0x000000f8       0xf0 ./RecTrace/trcKernelPort.o
 .debug_aranges
                0x000001e8      0x208 ./RecTrace/trcSnapshotRecorder.o
 .debug_aranges
                0x000003f0       0x28 ./FreeRTOS/portable/heap_3.o
 .debug_aranges
                0x00000418       0x70 ./FreeRTOS/portable/port.o
 .debug_aranges
                0x00000488       0x40 ./FreeRTOS/list.o
 .debug_aranges
                0x000004c8      0x148 ./FreeRTOS/queue.o
 .debug_aranges
                0x00000610      0x200 ./FreeRTOS/tasks.o
 .debug_aranges
                0x00000810       0x28 C:\Users\kzax\workspace\freeRTOS_v10\CMSIS_CORE_LPC17xx\Debug\libCMSIS_CORE_LPC17xx.a(system_LPC17xx.o)

.debug_ranges   0x00000000      0x780
 .debug_ranges  0x00000000       0x60 ./src/cr_startup_lpc17.o
 .debug_ranges  0x00000060       0x60 ./src/main.o
 .debug_ranges  0x000000c0       0xe0 ./RecTrace/trcKernelPort.o
 .debug_ranges  0x000001a0      0x1f8 ./RecTrace/trcSnapshotRecorder.o
 .debug_ranges  0x00000398       0x18 ./FreeRTOS/portable/heap_3.o
 .debug_ranges  0x000003b0       0x60 ./FreeRTOS/portable/port.o
 .debug_ranges  0x00000410       0x30 ./FreeRTOS/list.o
 .debug_ranges  0x00000440      0x138 ./FreeRTOS/queue.o
 .debug_ranges  0x00000578      0x1f0 ./FreeRTOS/tasks.o
 .debug_ranges  0x00000768       0x18 C:\Users\kzax\workspace\freeRTOS_v10\CMSIS_CORE_LPC17xx\Debug\libCMSIS_CORE_LPC17xx.a(system_LPC17xx.o)

.debug_macro    0x00000000     0x55d7
 .debug_macro   0x00000000       0x52 ./src/cr_startup_lpc17.o
 .debug_macro   0x00000052      0x892 ./src/cr_startup_lpc17.o
 .debug_macro   0x000008e4       0x10 ./src/cr_startup_lpc17.o
 .debug_macro   0x000008f4      0x12d ./src/cr_startup_lpc17.o
 .debug_macro   0x00000a21      0x5b2 ./src/cr_startup_lpc17.o
 .debug_macro   0x00000fd3       0x1a ./src/crp.o
 .debug_macro   0x00000fed       0x34 ./src/crp.o
 .debug_macro   0x00001021      0x1dd ./src/main.o
 .debug_macro   0x000011fe       0xc4 ./src/main.o
 .debug_macro   0x000012c2       0x10 ./src/main.o
 .debug_macro   0x000012d2       0x1c ./src/main.o
 .debug_macro   0x000012ee       0x3a ./src/main.o
 .debug_macro   0x00001328       0x2d ./src/main.o
 .debug_macro   0x00001355      0xbb1 ./src/main.o
 .debug_macro   0x00001f06      0x2c7 ./src/main.o
 .debug_macro   0x000021cd      0x13b ./src/main.o
 .debug_macro   0x00002308       0x1c ./src/main.o
 .debug_macro   0x00002324      0x13f ./src/main.o
 .debug_macro   0x00002463       0x6a ./src/main.o
 .debug_macro   0x000024cd       0xdd ./src/main.o
 .debug_macro   0x000025aa       0x88 ./src/main.o
 .debug_macro   0x00002632      0xa0b ./src/main.o
 .debug_macro   0x0000303d      0x1b8 ./src/main.o
 .debug_macro   0x000031f5      0x15a ./src/main.o
 .debug_macro   0x0000334f       0xd6 ./src/main.o
 .debug_macro   0x00003425       0x10 ./src/main.o
 .debug_macro   0x00003435       0x1f ./src/main.o
 .debug_macro   0x00003454      0x2e9 ./src/main.o
 .debug_macro   0x0000373d       0xb5 ./src/main.o
 .debug_macro   0x000037f2       0x8c ./src/main.o
 .debug_macro   0x0000387e       0x86 ./src/main.o
 .debug_macro   0x00003904       0x9a ./src/main.o
 .debug_macro   0x0000399e       0x1c ./src/main.o
 .debug_macro   0x000039ba      0x180 ./RecTrace/trcKernelPort.o
 .debug_macro   0x00003b3a       0x16 ./RecTrace/trcKernelPort.o
 .debug_macro   0x00003b50       0x91 ./RecTrace/trcKernelPort.o
 .debug_macro   0x00003be1      0x15b ./RecTrace/trcSnapshotRecorder.o
 .debug_macro   0x00003d3c       0x16 ./RecTrace/trcSnapshotRecorder.o
 .debug_macro   0x00003d52       0x10 ./RecTrace/trcSnapshotRecorder.o
 .debug_macro   0x00003d62      0x141 ./RecTrace/trcSnapshotRecorder.o
 .debug_macro   0x00003ea3      0x494 ./RecTrace/trcSnapshotRecorder.o
 .debug_macro   0x00004337      0x16f ./FreeRTOS/portable/heap_3.o
 .debug_macro   0x000044a6       0x28 ./FreeRTOS/portable/heap_3.o
 .debug_macro   0x000044ce      0x1f1 ./FreeRTOS/portable/port.o
 .debug_macro   0x000046bf      0x154 ./FreeRTOS/list.o
 .debug_macro   0x00004813      0x1bd ./FreeRTOS/queue.o
 .debug_macro   0x000049d0      0x23e ./FreeRTOS/tasks.o
 .debug_macro   0x00004c0e       0x10 ./FreeRTOS/tasks.o
 .debug_macro   0x00004c1e      0x12d C:\Users\kzax\workspace\freeRTOS_v10\CMSIS_CORE_LPC17xx\Debug\libCMSIS_CORE_LPC17xx.a(system_LPC17xx.o)
 .debug_macro   0x00004d4b      0x88c C:\Users\kzax\workspace\freeRTOS_v10\CMSIS_CORE_LPC17xx\Debug\libCMSIS_CORE_LPC17xx.a(system_LPC17xx.o)

.debug_line     0x00000000     0x4a41
 .debug_line    0x00000000      0x242 ./src/cr_startup_lpc17.o
 .debug_line    0x00000242       0x78 ./src/crp.o
 .debug_line    0x000002ba      0x54e ./src/main.o
 .debug_line    0x00000808      0x63e ./RecTrace/trcKernelPort.o
 .debug_line    0x00000e46      0xf91 ./RecTrace/trcSnapshotRecorder.o
 .debug_line    0x00001dd7      0x430 ./FreeRTOS/portable/heap_3.o
 .debug_line    0x00002207      0x515 ./FreeRTOS/portable/port.o
 .debug_line    0x0000271c      0x46b ./FreeRTOS/list.o
 .debug_line    0x00002b87      0xc02 ./FreeRTOS/queue.o
 .debug_line    0x00003789     0x10b0 ./FreeRTOS/tasks.o
 .debug_line    0x00004839      0x208 C:\Users\kzax\workspace\freeRTOS_v10\CMSIS_CORE_LPC17xx\Debug\libCMSIS_CORE_LPC17xx.a(system_LPC17xx.o)

.debug_str      0x00000000    0x1d345
 .debug_str     0x00000000     0x3d11 ./src/cr_startup_lpc17.o
                               0x3d9c (size before relaxing)
 .debug_str     0x00003d11       0xe9 ./src/crp.o
                               0x25c7 (size before relaxing)
 .debug_str     0x00003dfa    0x14862 ./src/main.o
                              0x1855a (size before relaxing)
 .debug_str     0x0001865c      0xfbf ./RecTrace/trcKernelPort.o
                              0x186d7 (size before relaxing)
 .debug_str     0x0001961b     0x1471 ./RecTrace/trcSnapshotRecorder.o
                              0x17c13 (size before relaxing)
 .debug_str     0x0001aa8c       0x93 ./FreeRTOS/portable/heap_3.o
                              0x170c3 (size before relaxing)
 .debug_str     0x0001ab1f      0x691 ./FreeRTOS/portable/port.o
                              0x1769f (size before relaxing)
 .debug_str     0x0001b1b0      0x129 ./FreeRTOS/list.o
                              0x16bcd (size before relaxing)
 .debug_str     0x0001b2d9      0x865 ./FreeRTOS/queue.o
                              0x1823b (size before relaxing)
 .debug_str     0x0001bb3e     0x1419 ./FreeRTOS/tasks.o
                              0x19204 (size before relaxing)
 .debug_str     0x0001cf57      0x3ee C:\Users\kzax\workspace\freeRTOS_v10\CMSIS_CORE_LPC17xx\Debug\libCMSIS_CORE_LPC17xx.a(system_LPC17xx.o)
                               0x99a6 (size before relaxing)

.comment        0x00000000       0xdc
 .comment       0x00000000       0x6e ./src/cr_startup_lpc17.o
                                 0x6f (size before relaxing)
 .comment       0x0000006e       0x6f ./src/crp.o
 .comment       0x0000006e       0x6f ./src/main.o
 .comment       0x0000006e       0x6f ./RecTrace/trcKernelPort.o
 .comment       0x0000006e       0x6f ./RecTrace/trcSnapshotRecorder.o
 .comment       0x0000006e       0x6f ./FreeRTOS/portable/heap_3.o
 .comment       0x0000006e       0x6f ./FreeRTOS/portable/port.o
 .comment       0x0000006e       0x6f ./FreeRTOS/list.o
 .comment       0x0000006e       0x6f ./FreeRTOS/queue.o
 .comment       0x0000006e       0x6f ./FreeRTOS/tasks.o
 .comment       0x0000006e       0x6f C:\Users\kzax\workspace\freeRTOS_v10\CMSIS_CORE_LPC17xx\Debug\libCMSIS_CORE_LPC17xx.a(system_LPC17xx.o)
 .comment       0x0000006e       0x6e c:/nxp/lpcxpresso_8.2.2_650/lpcxpresso/tools/bin/../lib/gcc/arm-none-eabi/5.4.1/../../../../arm-none-eabi/lib/armv7-m\libcr_semihost.a(_cr__main.o)
                                 0x6f (size before relaxing)
 .comment       0x000000dc       0x6f c:/nxp/lpcxpresso_8.2.2_650/lpcxpresso/tools/bin/../lib/gcc/arm-none-eabi/5.4.1/../../../../arm-none-eabi/lib/armv7-m\libcr_c.a(memcpy.o)
 .comment       0x000000dc       0x6f c:/nxp/lpcxpresso_8.2.2_650/lpcxpresso/tools/bin/../lib/gcc/arm-none-eabi/5.4.1/../../../../arm-none-eabi/lib/armv7-m\libcr_c.a(memset.o)
 .comment       0x000000dc       0x6f c:/nxp/lpcxpresso_8.2.2_650/lpcxpresso/tools/bin/../lib/gcc/arm-none-eabi/5.4.1/../../../../arm-none-eabi/lib/armv7-m\libcr_c.a(alloc.o)
 .comment       0x000000dc       0x6f c:/nxp/lpcxpresso_8.2.2_650/lpcxpresso/tools/bin/../lib/gcc/arm-none-eabi/5.4.1/../../../../arm-none-eabi/lib/armv7-m\libcr_c.a(fpprintf.o)
 .comment       0x000000dc       0x6f c:/nxp/lpcxpresso_8.2.2_650/lpcxpresso/tools/bin/../lib/gcc/arm-none-eabi/5.4.1/../../../../arm-none-eabi/lib/armv7-m\libcr_c.a(initio.o)
 .comment       0x000000dc       0x6f c:/nxp/lpcxpresso_8.2.2_650/lpcxpresso/tools/bin/../lib/gcc/arm-none-eabi/5.4.1/../../../../arm-none-eabi/lib/armv7-m\libcr_c.a(printf.o)
 .comment       0x000000dc       0x6f c:/nxp/lpcxpresso_8.2.2_650/lpcxpresso/tools/bin/../lib/gcc/arm-none-eabi/5.4.1/../../../../arm-none-eabi/lib/armv7-m\libcr_c.a(setvbuf.o)
 .comment       0x000000dc       0x6f c:/nxp/lpcxpresso_8.2.2_650/lpcxpresso/tools/bin/../lib/gcc/arm-none-eabi/5.4.1/../../../../arm-none-eabi/lib/armv7-m\libcr_c.a(stdio.o)
 .comment       0x000000dc       0x6f c:/nxp/lpcxpresso_8.2.2_650/lpcxpresso/tools/bin/../lib/gcc/arm-none-eabi/5.4.1/../../../../arm-none-eabi/lib/armv7-m\libcr_c.a(stdlib.o)
 .comment       0x000000dc       0x6f c:/nxp/lpcxpresso_8.2.2_650/lpcxpresso/tools/bin/../lib/gcc/arm-none-eabi/5.4.1/../../../../arm-none-eabi/lib/armv7-m\libcr_c.a(strlen.o)
 .comment       0x000000dc       0x6f c:/nxp/lpcxpresso_8.2.2_650/lpcxpresso/tools/bin/../lib/gcc/arm-none-eabi/5.4.1/../../../../arm-none-eabi/lib/armv7-m\libcr_c.a(__init_alloc.o)
 .comment       0x000000dc       0x6f c:/nxp/lpcxpresso_8.2.2_650/lpcxpresso/tools/bin/../lib/gcc/arm-none-eabi/5.4.1/../../../../arm-none-eabi/lib/armv7-m\libcr_c.a(_cr_sbrk.o)
 .comment       0x000000dc       0x6f c:/nxp/lpcxpresso_8.2.2_650/lpcxpresso/tools/bin/../lib/gcc/arm-none-eabi/5.4.1/../../../../arm-none-eabi/lib/armv7-m\libcr_c.a(_deferredlazyseek.o)
 .comment       0x000000dc       0x6f c:/nxp/lpcxpresso_8.2.2_650/lpcxpresso/tools/bin/../lib/gcc/arm-none-eabi/5.4.1/../../../../arm-none-eabi/lib/armv7-m\libcr_c.a(_fdopen.o)
 .comment       0x000000dc       0x6f c:/nxp/lpcxpresso_8.2.2_650/lpcxpresso/tools/bin/../lib/gcc/arm-none-eabi/5.4.1/../../../../arm-none-eabi/lib/armv7-m\libcr_c.a(_fflush.o)
 .comment       0x000000dc       0x6f c:/nxp/lpcxpresso_8.2.2_650/lpcxpresso/tools/bin/../lib/gcc/arm-none-eabi/5.4.1/../../../../arm-none-eabi/lib/armv7-m\libcr_c.a(_frexpl.o)
 .comment       0x000000dc       0x6f c:/nxp/lpcxpresso_8.2.2_650/lpcxpresso/tools/bin/../lib/gcc/arm-none-eabi/5.4.1/../../../../arm-none-eabi/lib/armv7-m\libcr_c.a(_ldexpl.o)
 .comment       0x000000dc       0x6f c:/nxp/lpcxpresso_8.2.2_650/lpcxpresso/tools/bin/../lib/gcc/arm-none-eabi/5.4.1/../../../../arm-none-eabi/lib/armv7-m\libcr_c.a(_writebuf.o)
 .comment       0x000000dc       0x6f c:/nxp/lpcxpresso_8.2.2_650/lpcxpresso/tools/bin/../lib/gcc/arm-none-eabi/5.4.1/../../../../arm-none-eabi/lib/armv7-m\libcr_c.a(errno.o)
 .comment       0x000000dc       0x6f c:/nxp/lpcxpresso_8.2.2_650/lpcxpresso/tools/bin/../lib/gcc/arm-none-eabi/5.4.1/../../../../arm-none-eabi/lib/armv7-m\libcr_c.a(fclose.o)
 .comment       0x000000dc       0x6f c:/nxp/lpcxpresso_8.2.2_650/lpcxpresso/tools/bin/../lib/gcc/arm-none-eabi/5.4.1/../../../../arm-none-eabi/lib/armv7-m\libcr_c.a(fflush.o)
 .comment       0x000000dc       0x6f c:/nxp/lpcxpresso_8.2.2_650/lpcxpresso/tools/bin/../lib/gcc/arm-none-eabi/5.4.1/../../../../arm-none-eabi/lib/armv7-m\libcr_c.a(fseek.o)
 .comment       0x000000dc       0x6f c:/nxp/lpcxpresso_8.2.2_650/lpcxpresso/tools/bin/../lib/gcc/arm-none-eabi/5.4.1/../../../../arm-none-eabi/lib/armv7-m\libcr_c.a(ftell.o)
 .comment       0x000000dc       0x6f c:/nxp/lpcxpresso_8.2.2_650/lpcxpresso/tools/bin/../lib/gcc/arm-none-eabi/5.4.1/../../../../arm-none-eabi/lib/armv7-m\libcr_c.a(remove.o)
 .comment       0x000000dc       0x6f c:/nxp/lpcxpresso_8.2.2_650/lpcxpresso/tools/bin/../lib/gcc/arm-none-eabi/5.4.1/../../../../arm-none-eabi/lib/armv7-m\libcr_c.a(_cr_check_heap.o)
 .comment       0x000000dc       0x6f c:/nxp/lpcxpresso_8.2.2_650/lpcxpresso/tools/bin/../lib/gcc/arm-none-eabi/5.4.1/../../../../arm-none-eabi/lib/armv7-m\libcr_c.a(_do_fflush.o)
 .comment       0x000000dc       0x6f c:/nxp/lpcxpresso_8.2.2_650/lpcxpresso/tools/bin/../lib/gcc/arm-none-eabi/5.4.1/../../../../arm-none-eabi/lib/armv7-m\libcr_c.a(_hugeval.o)
 .comment       0x000000dc       0x6f c:/nxp/lpcxpresso_8.2.2_650/lpcxpresso/tools/bin/../lib/gcc/arm-none-eabi/5.4.1/armv7-m\libcr_eabihelpers.a(double.o)

.ARM.attributes
                0x00000000       0x31
 .ARM.attributes
                0x00000000       0x33 ./src/cr_startup_lpc17.o
 .ARM.attributes
                0x00000033       0x33 ./src/crp.o
 .ARM.attributes
                0x00000066       0x33 ./src/main.o
 .ARM.attributes
                0x00000099       0x33 ./RecTrace/trcKernelPort.o
 .ARM.attributes
                0x000000cc       0x33 ./RecTrace/trcSnapshotRecorder.o
 .ARM.attributes
                0x000000ff       0x33 ./FreeRTOS/portable/heap_3.o
 .ARM.attributes
                0x00000132       0x33 ./FreeRTOS/portable/port.o
 .ARM.attributes
                0x00000165       0x33 ./FreeRTOS/list.o
 .ARM.attributes
                0x00000198       0x33 ./FreeRTOS/queue.o
 .ARM.attributes
                0x000001cb       0x33 ./FreeRTOS/tasks.o
 .ARM.attributes
                0x000001fe       0x33 C:\Users\kzax\workspace\freeRTOS_v10\CMSIS_CORE_LPC17xx\Debug\libCMSIS_CORE_LPC17xx.a(system_LPC17xx.o)
 .ARM.attributes
                0x00000231       0x21 c:/nxp/lpcxpresso_8.2.2_650/lpcxpresso/tools/bin/../lib/gcc/arm-none-eabi/5.4.1/../../../../arm-none-eabi/lib/armv7-m\libcr_semihost.a(__sys_write.o)
 .ARM.attributes
                0x00000252       0x33 c:/nxp/lpcxpresso_8.2.2_650/lpcxpresso/tools/bin/../lib/gcc/arm-none-eabi/5.4.1/../../../../arm-none-eabi/lib/armv7-m\libcr_semihost.a(_cr__main.o)
 .ARM.attributes
                0x00000285       0x33 c:/nxp/lpcxpresso_8.2.2_650/lpcxpresso/tools/bin/../lib/gcc/arm-none-eabi/5.4.1/../../../../arm-none-eabi/lib/armv7-m\libcr_c.a(memcpy.o)
 .ARM.attributes
                0x000002b8       0x33 c:/nxp/lpcxpresso_8.2.2_650/lpcxpresso/tools/bin/../lib/gcc/arm-none-eabi/5.4.1/../../../../arm-none-eabi/lib/armv7-m\libcr_c.a(memset.o)
 .ARM.attributes
                0x000002eb       0x33 c:/nxp/lpcxpresso_8.2.2_650/lpcxpresso/tools/bin/../lib/gcc/arm-none-eabi/5.4.1/../../../../arm-none-eabi/lib/armv7-m\libcr_c.a(alloc.o)
 .ARM.attributes
                0x0000031e       0x33 c:/nxp/lpcxpresso_8.2.2_650/lpcxpresso/tools/bin/../lib/gcc/arm-none-eabi/5.4.1/../../../../arm-none-eabi/lib/armv7-m\libcr_c.a(fpprintf.o)
 .ARM.attributes
                0x00000351       0x33 c:/nxp/lpcxpresso_8.2.2_650/lpcxpresso/tools/bin/../lib/gcc/arm-none-eabi/5.4.1/../../../../arm-none-eabi/lib/armv7-m\libcr_c.a(initio.o)
 .ARM.attributes
                0x00000384       0x33 c:/nxp/lpcxpresso_8.2.2_650/lpcxpresso/tools/bin/../lib/gcc/arm-none-eabi/5.4.1/../../../../arm-none-eabi/lib/armv7-m\libcr_c.a(printf.o)
 .ARM.attributes
                0x000003b7       0x33 c:/nxp/lpcxpresso_8.2.2_650/lpcxpresso/tools/bin/../lib/gcc/arm-none-eabi/5.4.1/../../../../arm-none-eabi/lib/armv7-m\libcr_c.a(setvbuf.o)
 .ARM.attributes
                0x000003ea       0x33 c:/nxp/lpcxpresso_8.2.2_650/lpcxpresso/tools/bin/../lib/gcc/arm-none-eabi/5.4.1/../../../../arm-none-eabi/lib/armv7-m\libcr_c.a(stdio.o)
 .ARM.attributes
                0x0000041d       0x33 c:/nxp/lpcxpresso_8.2.2_650/lpcxpresso/tools/bin/../lib/gcc/arm-none-eabi/5.4.1/../../../../arm-none-eabi/lib/armv7-m\libcr_c.a(stdlib.o)
 .ARM.attributes
                0x00000450       0x33 c:/nxp/lpcxpresso_8.2.2_650/lpcxpresso/tools/bin/../lib/gcc/arm-none-eabi/5.4.1/../../../../arm-none-eabi/lib/armv7-m\libcr_c.a(strlen.o)
 .ARM.attributes
                0x00000483       0x33 c:/nxp/lpcxpresso_8.2.2_650/lpcxpresso/tools/bin/../lib/gcc/arm-none-eabi/5.4.1/../../../../arm-none-eabi/lib/armv7-m\libcr_c.a(__init_alloc.o)
 .ARM.attributes
                0x000004b6       0x33 c:/nxp/lpcxpresso_8.2.2_650/lpcxpresso/tools/bin/../lib/gcc/arm-none-eabi/5.4.1/../../../../arm-none-eabi/lib/armv7-m\libcr_c.a(_cr_sbrk.o)
 .ARM.attributes
                0x000004e9       0x33 c:/nxp/lpcxpresso_8.2.2_650/lpcxpresso/tools/bin/../lib/gcc/arm-none-eabi/5.4.1/../../../../arm-none-eabi/lib/armv7-m\libcr_c.a(_deferredlazyseek.o)
 .ARM.attributes
                0x0000051c       0x33 c:/nxp/lpcxpresso_8.2.2_650/lpcxpresso/tools/bin/../lib/gcc/arm-none-eabi/5.4.1/../../../../arm-none-eabi/lib/armv7-m\libcr_c.a(_fdopen.o)
 .ARM.attributes
                0x0000054f       0x33 c:/nxp/lpcxpresso_8.2.2_650/lpcxpresso/tools/bin/../lib/gcc/arm-none-eabi/5.4.1/../../../../arm-none-eabi/lib/armv7-m\libcr_c.a(_fflush.o)
 .ARM.attributes
                0x00000582       0x33 c:/nxp/lpcxpresso_8.2.2_650/lpcxpresso/tools/bin/../lib/gcc/arm-none-eabi/5.4.1/../../../../arm-none-eabi/lib/armv7-m\libcr_c.a(_frexpl.o)
 .ARM.attributes
                0x000005b5       0x33 c:/nxp/lpcxpresso_8.2.2_650/lpcxpresso/tools/bin/../lib/gcc/arm-none-eabi/5.4.1/../../../../arm-none-eabi/lib/armv7-m\libcr_c.a(_ldexpl.o)
 .ARM.attributes
                0x000005e8       0x33 c:/nxp/lpcxpresso_8.2.2_650/lpcxpresso/tools/bin/../lib/gcc/arm-none-eabi/5.4.1/../../../../arm-none-eabi/lib/armv7-m\libcr_c.a(_writebuf.o)
 .ARM.attributes
                0x0000061b       0x33 c:/nxp/lpcxpresso_8.2.2_650/lpcxpresso/tools/bin/../lib/gcc/arm-none-eabi/5.4.1/../../../../arm-none-eabi/lib/armv7-m\libcr_c.a(errno.o)
 .ARM.attributes
                0x0000064e       0x33 c:/nxp/lpcxpresso_8.2.2_650/lpcxpresso/tools/bin/../lib/gcc/arm-none-eabi/5.4.1/../../../../arm-none-eabi/lib/armv7-m\libcr_c.a(fclose.o)
 .ARM.attributes
                0x00000681       0x33 c:/nxp/lpcxpresso_8.2.2_650/lpcxpresso/tools/bin/../lib/gcc/arm-none-eabi/5.4.1/../../../../arm-none-eabi/lib/armv7-m\libcr_c.a(fflush.o)
 .ARM.attributes
                0x000006b4       0x33 c:/nxp/lpcxpresso_8.2.2_650/lpcxpresso/tools/bin/../lib/gcc/arm-none-eabi/5.4.1/../../../../arm-none-eabi/lib/armv7-m\libcr_c.a(fseek.o)
 .ARM.attributes
                0x000006e7       0x33 c:/nxp/lpcxpresso_8.2.2_650/lpcxpresso/tools/bin/../lib/gcc/arm-none-eabi/5.4.1/../../../../arm-none-eabi/lib/armv7-m\libcr_c.a(ftell.o)
 .ARM.attributes
                0x0000071a       0x33 c:/nxp/lpcxpresso_8.2.2_650/lpcxpresso/tools/bin/../lib/gcc/arm-none-eabi/5.4.1/../../../../arm-none-eabi/lib/armv7-m\libcr_c.a(remove.o)
 .ARM.attributes
                0x0000074d       0x33 c:/nxp/lpcxpresso_8.2.2_650/lpcxpresso/tools/bin/../lib/gcc/arm-none-eabi/5.4.1/../../../../arm-none-eabi/lib/armv7-m\libcr_c.a(_cr_check_heap.o)
 .ARM.attributes
                0x00000780       0x33 c:/nxp/lpcxpresso_8.2.2_650/lpcxpresso/tools/bin/../lib/gcc/arm-none-eabi/5.4.1/../../../../arm-none-eabi/lib/armv7-m\libcr_c.a(_do_fflush.o)
 .ARM.attributes
                0x000007b3       0x33 c:/nxp/lpcxpresso_8.2.2_650/lpcxpresso/tools/bin/../lib/gcc/arm-none-eabi/5.4.1/../../../../arm-none-eabi/lib/armv7-m\libcr_c.a(_hugeval.o)
 .ARM.attributes
                0x000007e6       0x21 c:/nxp/lpcxpresso_8.2.2_650/lpcxpresso/tools/bin/../lib/gcc/arm-none-eabi/5.4.1/armv7-m\libcr_eabihelpers.a(division_64.o)
 .ARM.attributes
                0x00000807       0x21 c:/nxp/lpcxpresso_8.2.2_650/lpcxpresso/tools/bin/../lib/gcc/arm-none-eabi/5.4.1/armv7-m\libcr_eabihelpers.a(division_idiv0.o)
 .ARM.attributes
                0x00000828       0x33 c:/nxp/lpcxpresso_8.2.2_650/lpcxpresso/tools/bin/../lib/gcc/arm-none-eabi/5.4.1/armv7-m\libcr_eabihelpers.a(double.o)
 .ARM.attributes
                0x0000085b       0x21 c:/nxp/lpcxpresso_8.2.2_650/lpcxpresso/tools/bin/../lib/gcc/arm-none-eabi/5.4.1/armv7-m\libcr_eabihelpers.a(memcpy.o)
 .ARM.attributes
                0x0000087c       0x21 c:/nxp/lpcxpresso_8.2.2_650/lpcxpresso/tools/bin/../lib/gcc/arm-none-eabi/5.4.1/../../../../arm-none-eabi/lib/armv7-m\libcr_semihost.a(__sys_appexit.o)
 .ARM.attributes
                0x0000089d       0x21 c:/nxp/lpcxpresso_8.2.2_650/lpcxpresso/tools/bin/../lib/gcc/arm-none-eabi/5.4.1/../../../../arm-none-eabi/lib/armv7-m\libcr_semihost.a(__sys_close.o)
 .ARM.attributes
                0x000008be       0x21 c:/nxp/lpcxpresso_8.2.2_650/lpcxpresso/tools/bin/../lib/gcc/arm-none-eabi/5.4.1/../../../../arm-none-eabi/lib/armv7-m\libcr_semihost.a(__sys_flen.o)
 .ARM.attributes
                0x000008df       0x21 c:/nxp/lpcxpresso_8.2.2_650/lpcxpresso/tools/bin/../lib/gcc/arm-none-eabi/5.4.1/../../../../arm-none-eabi/lib/armv7-m\libcr_semihost.a(__sys_istty.o)
 .ARM.attributes
                0x00000900       0x21 c:/nxp/lpcxpresso_8.2.2_650/lpcxpresso/tools/bin/../lib/gcc/arm-none-eabi/5.4.1/../../../../arm-none-eabi/lib/armv7-m\libcr_semihost.a(__sys_remove.o)
 .ARM.attributes
                0x00000921       0x21 c:/nxp/lpcxpresso_8.2.2_650/lpcxpresso/tools/bin/../lib/gcc/arm-none-eabi/5.4.1/../../../../arm-none-eabi/lib/armv7-m\libcr_semihost.a(__sys_seek.o)
 .ARM.attributes
                0x00000942       0x21 c:/nxp/lpcxpresso_8.2.2_650/lpcxpresso/tools/bin/../lib/gcc/arm-none-eabi/5.4.1/../../../../arm-none-eabi/lib/armv7-m\libcr_semihost.a(__sys_tmpnam.o)

.debug_frame    0x00000000     0x20b4
 .debug_frame   0x00000000      0x120 ./src/cr_startup_lpc17.o
 .debug_frame   0x00000120      0x198 ./src/main.o
 .debug_frame   0x000002b8      0x3c8 ./RecTrace/trcKernelPort.o
 .debug_frame   0x00000680      0x8c8 ./RecTrace/trcSnapshotRecorder.o
 .debug_frame   0x00000f48       0x58 ./FreeRTOS/portable/heap_3.o
 .debug_frame   0x00000fa0      0x160 ./FreeRTOS/portable/port.o
 .debug_frame   0x00001100       0xd8 ./FreeRTOS/list.o
 .debug_frame   0x000011d8      0x5c8 ./FreeRTOS/queue.o
 .debug_frame   0x000017a0      0x8d8 ./FreeRTOS/tasks.o
 .debug_frame   0x00002078       0x3c C:\Users\kzax\workspace\freeRTOS_v10\CMSIS_CORE_LPC17xx\Debug\libCMSIS_CORE_LPC17xx.a(system_LPC17xx.o)
