Archive member included to satisfy reference by file (symbol)

C:\Users\kzax\workspace\freeRTOS_v10\CMSIS_CORE_LPC17xx\Debug\libCMSIS_CORE_LPC17xx.a(system_LPC17xx.o)
                              ./src/cr_startup_lpc17.o (SystemInit)
c:/nxp/lpcxpresso_8.2.2_650/lpcxpresso/tools/bin/../lib/gcc/arm-none-eabi/5.4.1/../../../../arm-none-eabi/lib/armv7-m\libcr_c.a(memcpy.o)
                              ./RecTrace/trcSnapshotRecorder.o (memcpy)
c:/nxp/lpcxpresso_8.2.2_650/lpcxpresso/tools/bin/../lib/gcc/arm-none-eabi/5.4.1/../../../../arm-none-eabi/lib/armv7-m\libcr_c.a(memset.o)
                              ./RecTrace/trcSnapshotRecorder.o (memset)
c:/nxp/lpcxpresso_8.2.2_650/lpcxpresso/tools/bin/../lib/gcc/arm-none-eabi/5.4.1/../../../../arm-none-eabi/lib/armv7-m\libcr_c.a(__weak__main.o)
                              ./src/cr_startup_lpc17.o (__main)
c:/nxp/lpcxpresso_8.2.2_650/lpcxpresso/tools/bin/../lib/gcc/arm-none-eabi/5.4.1/../../../../arm-none-eabi/lib/armv7-m\libcr_c.a(alloc.o)
                              ./FreeRTOS/portable/heap_3.o (malloc)
c:/nxp/lpcxpresso_8.2.2_650/lpcxpresso/tools/bin/../lib/gcc/arm-none-eabi/5.4.1/../../../../arm-none-eabi/lib/armv7-m\libcr_c.a(fpprintf.o)
                              ./FreeRTOS/tasks.o (sprintf)
c:/nxp/lpcxpresso_8.2.2_650/lpcxpresso/tools/bin/../lib/gcc/arm-none-eabi/5.4.1/../../../../arm-none-eabi/lib/armv7-m\libcr_c.a(itoa.o)
                              ./src/main.o (itoa)
c:/nxp/lpcxpresso_8.2.2_650/lpcxpresso/tools/bin/../lib/gcc/arm-none-eabi/5.4.1/../../../../arm-none-eabi/lib/armv7-m\libcr_c.a(printf.o)
                              c:/nxp/lpcxpresso_8.2.2_650/lpcxpresso/tools/bin/../lib/gcc/arm-none-eabi/5.4.1/../../../../arm-none-eabi/lib/armv7-m\libcr_c.a(fpprintf.o) (__vfprintf)
c:/nxp/lpcxpresso_8.2.2_650/lpcxpresso/tools/bin/../lib/gcc/arm-none-eabi/5.4.1/../../../../arm-none-eabi/lib/armv7-m\libcr_c.a(stdio.o)
                              c:/nxp/lpcxpresso_8.2.2_650/lpcxpresso/tools/bin/../lib/gcc/arm-none-eabi/5.4.1/../../../../arm-none-eabi/lib/armv7-m\libcr_c.a(fpprintf.o) (__Ciob)
c:/nxp/lpcxpresso_8.2.2_650/lpcxpresso/tools/bin/../lib/gcc/arm-none-eabi/5.4.1/../../../../arm-none-eabi/lib/armv7-m\libcr_c.a(stdlib.o)
                              ./src/main.o (rand)
c:/nxp/lpcxpresso_8.2.2_650/lpcxpresso/tools/bin/../lib/gcc/arm-none-eabi/5.4.1/../../../../arm-none-eabi/lib/armv7-m\libcr_c.a(strcat.o)
                              ./src/main.o (strcat)
c:/nxp/lpcxpresso_8.2.2_650/lpcxpresso/tools/bin/../lib/gcc/arm-none-eabi/5.4.1/../../../../arm-none-eabi/lib/armv7-m\libcr_c.a(strcpy.o)
                              ./FreeRTOS/tasks.o (strcpy)
c:/nxp/lpcxpresso_8.2.2_650/lpcxpresso/tools/bin/../lib/gcc/arm-none-eabi/5.4.1/../../../../arm-none-eabi/lib/armv7-m\libcr_c.a(strlen.o)
                              ./src/main.o (strlen)
c:/nxp/lpcxpresso_8.2.2_650/lpcxpresso/tools/bin/../lib/gcc/arm-none-eabi/5.4.1/../../../../arm-none-eabi/lib/armv7-m\libcr_c.a(strncmp.o)
                              ./RecTrace/trcSnapshotRecorder.o (strncmp)
c:/nxp/lpcxpresso_8.2.2_650/lpcxpresso/tools/bin/../lib/gcc/arm-none-eabi/5.4.1/../../../../arm-none-eabi/lib/armv7-m\libcr_c.a(__fillbuf.o)
                              c:/nxp/lpcxpresso_8.2.2_650/lpcxpresso/tools/bin/../lib/gcc/arm-none-eabi/5.4.1/../../../../arm-none-eabi/lib/armv7-m\libcr_c.a(stdio.o) (__filbuf)
c:/nxp/lpcxpresso_8.2.2_650/lpcxpresso/tools/bin/../lib/gcc/arm-none-eabi/5.4.1/../../../../arm-none-eabi/lib/armv7-m\libcr_c.a(__init_alloc.o)
                              c:/nxp/lpcxpresso_8.2.2_650/lpcxpresso/tools/bin/../lib/gcc/arm-none-eabi/5.4.1/../../../../arm-none-eabi/lib/armv7-m\libcr_c.a(alloc.o) (__heaps)
c:/nxp/lpcxpresso_8.2.2_650/lpcxpresso/tools/bin/../lib/gcc/arm-none-eabi/5.4.1/../../../../arm-none-eabi/lib/armv7-m\libcr_c.a(_cr_sbrk.o)
                              c:/nxp/lpcxpresso_8.2.2_650/lpcxpresso/tools/bin/../lib/gcc/arm-none-eabi/5.4.1/../../../../arm-none-eabi/lib/armv7-m\libcr_c.a(alloc.o) (_sbrk)
c:/nxp/lpcxpresso_8.2.2_650/lpcxpresso/tools/bin/../lib/gcc/arm-none-eabi/5.4.1/../../../../arm-none-eabi/lib/armv7-m\libcr_c.a(_deferredlazyseek.o)
                              c:/nxp/lpcxpresso_8.2.2_650/lpcxpresso/tools/bin/../lib/gcc/arm-none-eabi/5.4.1/../../../../arm-none-eabi/lib/armv7-m\libcr_c.a(__fillbuf.o) (_deferredlazyseek)
c:/nxp/lpcxpresso_8.2.2_650/lpcxpresso/tools/bin/../lib/gcc/arm-none-eabi/5.4.1/../../../../arm-none-eabi/lib/armv7-m\libcr_c.a(_fflush.o)
                              c:/nxp/lpcxpresso_8.2.2_650/lpcxpresso/tools/bin/../lib/gcc/arm-none-eabi/5.4.1/../../../../arm-none-eabi/lib/armv7-m\libcr_c.a(__fillbuf.o) (_fflush)
c:/nxp/lpcxpresso_8.2.2_650/lpcxpresso/tools/bin/../lib/gcc/arm-none-eabi/5.4.1/../../../../arm-none-eabi/lib/armv7-m\libcr_c.a(_frexpl.o)
                              c:/nxp/lpcxpresso_8.2.2_650/lpcxpresso/tools/bin/../lib/gcc/arm-none-eabi/5.4.1/../../../../arm-none-eabi/lib/armv7-m\libcr_c.a(fpprintf.o) (_frexpl)
[...]
Memory Configuration

Name             Origin             Length             Attributes
MFlash512        0x00000000         0x00080000         xr
RamLoc32         0x10000000         0x00008000         xrw
RamAHB32         0x2007c000         0x00008000         xrw
*default*        0x00000000         0xffffffff

Linker script and memory map

LOAD ./src/cr_startup_lpc17.o
LOAD ./src/crp.o
LOAD ./src/main.o
LOAD ./RecTrace/trcKernelPort.o
LOAD ./RecTrace/trcSnapshotRecorder.o
LOAD ./RecTrace/trcStreamingPort.o
LOAD ./RecTrace/trcStreamingRecorder.o
LOAD ./FreeRTOS/portable/heap_3.o
LOAD ./FreeRTOS/portable/mpu_wrappers.o
LOAD ./FreeRTOS/portable/port.o
LOAD ./FreeRTOS/croutine.o
LOAD ./FreeRTOS/event_groups.o
LOAD ./FreeRTOS/list.o
LOAD ./FreeRTOS/queue.o
LOAD ./FreeRTOS/stream_buffer.o
LOAD ./FreeRTOS/tasks.o
LOAD ./FreeRTOS/timers.o
LOAD C:\Users\kzax\workspace\freeRTOS_v10\CMSIS_CORE_LPC17xx\Debug\libCMSIS_CORE_LPC17xx.a
START GROUP
LOAD c:/nxp/lpcxpresso_8.2.2_650/lpcxpresso/tools/bin/../lib/gcc/arm-none-eabi/5.4.1/../../../../arm-none-eabi/lib/armv7-m\libcr_c.a
LOAD c:/nxp/lpcxpresso_8.2.2_650/lpcxpresso/tools/bin/../lib/gcc/arm-none-eabi/5.4.1/armv7-m\libcr_eabihelpers.a
END GROUP
                0x00000000                __base_MFlash512 = 0x0
                0x00000000                __base_Flash = 0x0
                0x00080000                __top_MFlash512 = 0x80000
                0x00080000                __top_Flash = 0x80000
                0x10000000                __base_RamLoc32 = 0x10000000
                0x10000000                __base_RAM = 0x10000000
                0x10008000                __top_RamLoc32 = 0x10008000
                0x10008000                __top_RAM = 0x10008000
                0x2007c000                __base_RamAHB32 = 0x2007c000
                0x2007c000                __base_RAM2 = 0x2007c000
                0x20084000                __top_RamAHB32 = 0x20084000
                0x20084000                __top_RAM2 = 0x20084000

.text           0x00000000     0x58b0
 FILL mask 0xff
                0x00000000                __vectors_start__ = ABSOLUTE (.)
 *(.isr_vector)
 .isr_vector    0x00000000       0xcc ./src/cr_startup_lpc17.o
                0x00000000                g_pfnVectors
                0x000000cc                . = ALIGN (0x4)
                0x000000cc                __section_table_start = .
                0x000000cc                __data_section_table = .
                0x000000cc        0x4 LONG 0x58b0 LOADADDR (.data)
                0x000000d0        0x4 LONG 0x10000000 ADDR (.data)
                0x000000d4        0x4 LONG 0x100 SIZEOF (.data)
                0x000000d8        0x4 LONG 0x58b0 LOADADDR (.data_RAM2)
                0x000000dc        0x4 LONG 0x2007c000 ADDR (.data_RAM2)
                0x000000e0        0x4 LONG 0x0 SIZEOF (.data_RAM2)
                0x000000e4                __data_section_table_end = .
                0x000000e4                __bss_section_table = .
                0x000000e4        0x4 LONG 0x10000100 ADDR (.bss)
                0x000000e8        0x4 LONG 0x1ec SIZEOF (.bss)
                0x000000ec        0x4 LONG 0x2007c000 ADDR (.bss_RAM2)
                0x000000f0        0x4 LONG 0x0 SIZEOF (.bss_RAM2)
                0x000000f4                __bss_section_table_end = .
                0x000000f4                __section_table_end = .
 *(.after_vectors*)
                0x000002fc                . = 0x2fc
 *fill*         0x000000f4      0x208 ff
                0x000002fc                PROVIDE (__CRP_WORD_START__, .)
 *(.crp)
 .crp           0x000002fc        0x4 ./src/crp.o
                0x000002fc                CRP_WORD
                0x00000300                PROVIDE (__CRP_WORD_END__, .)
                0x00000001                ASSERT (! ((__CRP_WORD_START__ == __CRP_WORD_END__)), Linker CRP Enabled, but no CRP_WORD provided within application)
 *(.text*)
 .text.ResetISR
                0x00000300       0x58 ./src/cr_startup_lpc17.o
                0x00000300                ResetISR
 .text.NMI_Handler
                0x00000358        0x8 ./src/cr_startup_lpc17.o
                0x00000358                NMI_Handler
 .text.HardFault_Handler
                0x00000360        0x8 ./src/cr_startup_lpc17.o
                0x00000360                HardFault_Handler
 .text.MemManage_Handler
                0x00000368        0x8 ./src/cr_startup_lpc17.o
                0x00000368                MemManage_Handler
 .text.BusFault_Handler
                0x00000370        0x8 ./src/cr_startup_lpc17.o
                0x00000370                BusFault_Handler
 .text.UsageFault_Handler
                0x00000378        0x8 ./src/cr_startup_lpc17.o
                0x00000378                UsageFault_Handler
 .text.DebugMon_Handler
                0x00000380        0x8 ./src/cr_startup_lpc17.o
                0x00000380                DebugMon_Handler
 .text.IntDefaultHandler
                0x00000388        0x8 ./src/cr_startup_lpc17.o
                0x00000388                TIMER2_IRQHandler
                0x00000388                RIT_IRQHandler
                0x00000388                I2C0_IRQHandler
                0x00000388                USBActivity_IRQHandler
                0x00000388                PWM1_IRQHandler
                0x00000388                I2C1_IRQHandler
                0x00000388                EINT2_IRQHandler
                0x00000388                UART1_IRQHandler
                0x00000388                EINT3_IRQHandler
                0x00000388                CANActivity_IRQHandler
                0x00000388                TIMER3_IRQHandler
                0x00000388                UART0_IRQHandler
                0x00000388                IntDefaultHandler
                0x00000388                PLL0_IRQHandler
                0x00000388                CAN_IRQHandler
                0x00000388                PLL1_IRQHandler
                0x00000388                SSP0_IRQHandler
                0x00000388                I2S_IRQHandler
                0x00000388                I2C2_IRQHandler
                0x00000388                RTC_IRQHandler
                0x00000388                TIMER0_IRQHandler
                0x00000388                SPI_IRQHandler
                0x00000388                EINT1_IRQHandler
                0x00000388                TIMER1_IRQHandler
                0x00000388                UART2_IRQHandler
                0x00000388                ADC_IRQHandler
                0x00000388                SSP1_IRQHandler
                0x00000388                USB_IRQHandler
                0x00000388                BOD_IRQHandler
                0x00000388                WDT_IRQHandler
                0x00000388                QEI_IRQHandler
                0x00000388                EINT0_IRQHandler
                0x00000388                DMA_IRQHandler
                0x00000388                UART3_IRQHandler
                0x00000388                MCPWM_IRQHandler
                0x00000388                ENET_IRQHandler
 .text.main     0x00000390       0xa4 ./src/main.o
                0x00000390                main
 .text.vPeriodicSenderTask
                0x00000434       0x74 ./src/main.o
 .text.vAperiodicSenderTask
                0x000004a8       0xd8 ./src/main.o
 .text.vReceiverTask
                0x00000580       0x8c ./src/main.o
 .text.vRandomString
                0x0000060c       0x98 ./src/main.o
                0x0000060c                vRandomString
 .text.vToggleLED
                0x000006a4       0x30 ./src/main.o
 .text.UART3_Init
                0x000006d4       0x98 ./src/main.o
                0x000006d4                UART3_Init
 .text.UART_Send
                0x0000076c       0x48 ./src/main.o
                0x0000076c                UART_Send
 .text.vConfigureTimerForRunTimeStats
                0x000007b4       0x78 ./src/main.o
                0x000007b4                vConfigureTimerForRunTimeStats
 .text.prvTraceGetQueueNumber
                0x0000082c       0x18 ./RecTrace/trcKernelPort.o
                0x0000082c                prvTraceGetQueueNumber
 .text.prvTraceGetQueueType
                0x00000844       0x18 ./RecTrace/trcKernelPort.o
                0x00000844                prvTraceGetQueueType
 .text.prvTraceGetTaskNumberLow16
                0x0000085c       0x1c ./RecTrace/trcKernelPort.o
                0x0000085c                prvTraceGetTaskNumberLow16
 .text.prvTraceGetTaskNumberHigh16
                0x00000878       0x1c ./RecTrace/trcKernelPort.o
                0x00000878                prvTraceGetTaskNumberHigh16
 .text.prvTraceSetTaskNumberLow16
                0x00000894       0x2c ./RecTrace/trcKernelPort.o
                0x00000894                prvTraceSetTaskNumberLow16
 .text.prvTraceSetTaskNumberHigh16
                0x000008c0       0x2c ./RecTrace/trcKernelPort.o
                0x000008c0                prvTraceSetTaskNumberHigh16
 .text.prvTraceGetQueueNumberLow16
                0x000008ec       0x1c ./RecTrace/trcKernelPort.o
                0x000008ec                prvTraceGetQueueNumberLow16
 .text.prvTraceGetQueueNumberHigh16
                0x00000908       0x1c ./RecTrace/trcKernelPort.o
                0x00000908                prvTraceGetQueueNumberHigh16
 .text.prvTraceSetQueueNumberLow16
                0x00000924       0x2c ./RecTrace/trcKernelPort.o
                0x00000924                prvTraceSetQueueNumberLow16
 .text.prvTraceSetQueueNumberHigh16
                0x00000950       0x2c ./RecTrace/trcKernelPort.o
                0x00000950                prvTraceSetQueueNumberHigh16
 .text.prvTraceGetCurrentTaskHandle
                0x0000097c       0x10 ./RecTrace/trcKernelPort.o
                0x0000097c                prvTraceGetCurrentTaskHandle
 .text.vTraceInitObjectPropertyTable
                0x0000098c      0x198 ./RecTrace/trcKernelPort.o
                0x0000098c                vTraceInitObjectPropertyTable
 .text.vTraceInitObjectHandleStack
                0x00000b24       0xc4 ./RecTrace/trcKernelPort.o
                0x00000b24                vTraceInitObjectHandleStack
 .text.pszTraceGetErrorNotEnoughHandles
                0x00000be8       0x94 ./RecTrace/trcKernelPort.o
                0x00000be8                pszTraceGetErrorNotEnoughHandles
 .text.vTraceEnable
                0x00000c7c       0x44 ./RecTrace/trcSnapshotRecorder.o
                0x00000c7c                vTraceEnable
 .text.uiTraceStart
                0x00000cc0       0xdc ./RecTrace/trcSnapshotRecorder.o
                0x00000cc0                uiTraceStart
 .text.vTraceStart
                0x00000d9c        0xc ./RecTrace/trcSnapshotRecorder.o
                0x00000d9c                vTraceStart
 .text.vTraceStop
                0x00000da8       0x30 ./RecTrace/trcSnapshotRecorder.o
                0x00000da8                vTraceStop
 .text.prvTraceStoreTaskReady
                0x00000dd8       0xc8 ./RecTrace/trcSnapshotRecorder.o
                0x00000dd8                prvTraceStoreTaskReady
 .text.vTraceStoreMemMangEvent
                0x00000ea0      0x110 ./RecTrace/trcSnapshotRecorder.o
                0x00000ea0                vTraceStoreMemMangEvent
 .text.prvTraceStoreKernelCall
                0x00000fb0       0xf4 ./RecTrace/trcSnapshotRecorder.o
                0x00000fb0                prvTraceStoreKernelCall
 .text.prvTraceStoreKernelCallWithParam
                0x000010a4      0x104 ./RecTrace/trcSnapshotRecorder.o
                0x000010a4                prvTraceStoreKernelCallWithParam
 .text.prvTraceGetParam
                0x000011a8       0x78 ./RecTrace/trcSnapshotRecorder.o
 .text.prvTraceStoreKernelCallWithNumericParamOnly
                0x00001220       0xc8 ./RecTrace/trcSnapshotRecorder.o
                0x00001220                prvTraceStoreKernelCallWithNumericParamOnly
 .text.prvTraceStoreTaskswitch
                0x000012e8       0xe0 ./RecTrace/trcSnapshotRecorder.o
                0x000012e8                prvTraceStoreTaskswitch
 .text.prvTraceSetPriorityProperty
                0x000013c8       0x78 ./RecTrace/trcSnapshotRecorder.o
                0x000013c8                prvTraceSetPriorityProperty
 .text.prvTraceGetPriorityProperty
                0x00001440       0x7c ./RecTrace/trcSnapshotRecorder.o
                0x00001440                prvTraceGetPriorityProperty
 .text.prvTraceSetObjectState
                0x000014bc       0x78 ./RecTrace/trcSnapshotRecorder.o
                0x000014bc                prvTraceSetObjectState
 .text.prvTraceGetObjectState
                0x00001534       0x78 ./RecTrace/trcSnapshotRecorder.o
 .text.prvTraceSetTaskInstanceFinished
                0x000015ac       0x54 ./RecTrace/trcSnapshotRecorder.o
                0x000015ac                prvTraceSetTaskInstanceFinished
 .text.prvTraceInitTraceData
                0x00001600      0x240 ./RecTrace/trcSnapshotRecorder.o
 .text.prvTraceNextFreeEventBufferSlot
                0x00001840       0x48 ./RecTrace/trcSnapshotRecorder.o
 .text.uiIndexOfObject
                0x00001888       0xb0 ./RecTrace/trcSnapshotRecorder.o
                0x00001888                uiIndexOfObject
 .text.prvTraceGetObjectHandle
                0x00001938      0x158 ./RecTrace/trcSnapshotRecorder.o
                0x00001938                prvTraceGetObjectHandle
 .text.prvMarkObjectAsUsed
                0x00001a90       0x3c ./RecTrace/trcSnapshotRecorder.o
                0x00001a90                prvMarkObjectAsUsed
 .text.prvStrncpy
                0x00001acc       0x4c ./RecTrace/trcSnapshotRecorder.o
 .text.prvTraceSetObjectName
                0x00001b18       0xbc ./RecTrace/trcSnapshotRecorder.o
                0x00001b18                prvTraceSetObjectName
 .text.prvTraceError
                0x00001bd4       0x58 ./RecTrace/trcSnapshotRecorder.o
                0x00001bd4                prvTraceError
 .text.prvCheckDataToBeOverwrittenForMultiEntryEvents
                0x00001c2c      0x114 ./RecTrace/trcSnapshotRecorder.o
 .text.prvTraceUpdateCounters
                0x00001d40       0x50 ./RecTrace/trcSnapshotRecorder.o
 .text.prvTraceGetDTS
                0x00001d90      0x1b4 ./RecTrace/trcSnapshotRecorder.o
 .text.prvTraceInitCortexM
                0x00001f44       0x6c ./RecTrace/trcSnapshotRecorder.o
                0x00001f44                prvTraceInitCortexM
 .text.prvTracePortGetTimeStamp
                0x00001fb0       0x94 ./RecTrace/trcSnapshotRecorder.o
                0x00001fb0                prvTracePortGetTimeStamp
 .text.pvPortMalloc
                0x00002044       0x34 ./FreeRTOS/portable/heap_3.o
                0x00002044                pvPortMalloc
 .text.vPortFree
                0x00002078       0x30 ./FreeRTOS/portable/heap_3.o
                0x00002078                vPortFree
 .text.pxPortInitialiseStack
                0x000020a8       0x58 ./FreeRTOS/portable/port.o
                0x000020a8                pxPortInitialiseStack
 .text.prvTaskExitError
                0x00002100       0x30 ./FreeRTOS/portable/port.o
 .text.vPortSVCHandler
                0x00002130       0x28 ./FreeRTOS/portable/port.o
                0x00002130                vPortSVCHandler
 .text.prvPortStartFirstTask
                0x00002158       0x20 ./FreeRTOS/portable/port.o
 .text.xPortStartScheduler
                0x00002178       0x40 ./FreeRTOS/portable/port.o
                0x00002178                xPortStartScheduler
 .text.vPortEnterCritical
                0x000021b8       0x30 ./FreeRTOS/portable/port.o
                0x000021b8                vPortEnterCritical
 .text.vPortExitCritical
                0x000021e8       0x30 ./FreeRTOS/portable/port.o
                0x000021e8                vPortExitCritical
 *fill*         0x00002218        0x8 ff
 .text.xPortPendSVHandler
                0x00002220       0x48 ./FreeRTOS/portable/port.o
                0x00002220                xPortPendSVHandler
 .text.xPortSysTickHandler
                0x00002268       0x40 ./FreeRTOS/portable/port.o
                0x00002268                xPortSysTickHandler
 .text.vPortSetupTimerInterrupt
                0x000022a8       0x44 ./FreeRTOS/portable/port.o
                0x000022a8                vPortSetupTimerInterrupt
 .text.vListInitialise
                0x000022ec       0x40 ./FreeRTOS/list.o
                0x000022ec                vListInitialise
 .text.vListInitialiseItem
                0x0000232c       0x18 ./FreeRTOS/list.o
                0x0000232c                vListInitialiseItem
 .text.vListInsertEnd
                0x00002344       0x48 ./FreeRTOS/list.o
                0x00002344                vListInsertEnd
 .text.vListInsert
                0x0000238c       0x70 ./FreeRTOS/list.o
                0x0000238c                vListInsert
 .text.uxListRemove
                0x000023fc       0x54 ./FreeRTOS/list.o
                0x000023fc                uxListRemove
 .text.xQueueGenericReset
                0x00002450       0xb4 ./FreeRTOS/queue.o
                0x00002450                xQueueGenericReset
 .text.xQueueGenericCreate
                0x00002504       0x90 ./FreeRTOS/queue.o
                0x00002504                xQueueGenericCreate
 .text.prvInitialiseNewQueue
                0x00002594      0x130 ./FreeRTOS/queue.o
 .text.xQueueGenericSend
                0x000026c4      0x370 ./FreeRTOS/queue.o
                0x000026c4                xQueueGenericSend
 .text.xQueueReceive
                0x00002a34      0x390 ./FreeRTOS/queue.o
                0x00002a34                xQueueReceive
 .text.uxQueueGetQueueNumber
                0x00002dc4       0x18 ./FreeRTOS/queue.o
                0x00002dc4                uxQueueGetQueueNumber
 .text.vQueueSetQueueNumber
                0x00002ddc       0x1c ./FreeRTOS/queue.o
                0x00002ddc                vQueueSetQueueNumber
 .text.ucQueueGetQueueType
                0x00002df8       0x18 ./FreeRTOS/queue.o
                0x00002df8                ucQueueGetQueueType
 .text.prvCopyDataToQueue
                0x00002e10       0xd4 ./FreeRTOS/queue.o
 .text.prvCopyDataFromQueue
                0x00002ee4       0x4c ./FreeRTOS/queue.o
 .text.prvUnlockQueue
                0x00002f30       0xc0 ./FreeRTOS/queue.o
 .text.prvIsQueueEmpty
                0x00002ff0       0x2c ./FreeRTOS/queue.o
 .text.prvIsQueueFull
                0x0000301c       0x30 ./FreeRTOS/queue.o
 .text.prvNotifyQueueSetContainer
                0x0000304c      0x128 ./FreeRTOS/queue.o
 .text.xTaskCreate
                0x00003174       0x84 ./FreeRTOS/tasks.o
                0x00003174                xTaskCreate
 .text.prvInitialiseNewTask
                0x000031f8       0xf4 ./FreeRTOS/tasks.o
 .text.prvAddNewTaskToReadyList
                0x000032ec      0x1a4 ./FreeRTOS/tasks.o
 .text.vTaskDelayUntil
                0x00003490      0x110 ./FreeRTOS/tasks.o
                0x00003490                vTaskDelayUntil
 .text.vTaskStartScheduler
                0x000035a0       0x70 ./FreeRTOS/tasks.o
                0x000035a0                vTaskStartScheduler
 .text.vTaskSuspendAll
                0x00003610       0x1c ./FreeRTOS/tasks.o
                0x00003610                vTaskSuspendAll
 .text.xTaskResumeAll
                0x0000362c      0x144 ./FreeRTOS/tasks.o
                0x0000362c                xTaskResumeAll
 .text.xTaskGetTickCount
                0x00003770       0x1c ./FreeRTOS/tasks.o
                0x00003770                xTaskGetTickCount
 .text.xTaskIncrementTick
                0x0000378c      0x1c0 ./FreeRTOS/tasks.o
                0x0000378c                xTaskIncrementTick
 .text.vTaskSwitchContext
                0x0000394c       0xf8 ./FreeRTOS/tasks.o
                0x0000394c                vTaskSwitchContext
 .text.vTaskPlaceOnEventList
                0x00003a44       0x2c ./FreeRTOS/tasks.o
                0x00003a44                vTaskPlaceOnEventList
 .text.xTaskRemoveFromEventList
                0x00003a70       0xd4 ./FreeRTOS/tasks.o
                0x00003a70                xTaskRemoveFromEventList
 .text.vTaskInternalSetTimeOutState
                0x00003b44       0x2c ./FreeRTOS/tasks.o
                0x00003b44                vTaskInternalSetTimeOutState
 .text.xTaskCheckForTimeOut
                0x00003b70       0x8c ./FreeRTOS/tasks.o
                0x00003b70                xTaskCheckForTimeOut
 .text.vTaskMissedYield
                0x00003bfc       0x18 ./FreeRTOS/tasks.o
                0x00003bfc                vTaskMissedYield
 .text.uxTaskGetTaskNumber
                0x00003c14       0x2c ./FreeRTOS/tasks.o
                0x00003c14                uxTaskGetTaskNumber
 .text.vTaskSetTaskNumber
                0x00003c40       0x24 ./FreeRTOS/tasks.o
                0x00003c40                vTaskSetTaskNumber
 .text.prvIdleTask
                0x00003c64       0x10 ./FreeRTOS/tasks.o
 .text.prvInitialiseTaskLists
                0x00003c74       0x80 ./FreeRTOS/tasks.o
 .text.prvCheckTasksWaitingTermination
                0x00003cf4       0x58 ./FreeRTOS/tasks.o
 .text.prvDeleteTCB
                0x00003d4c       0x20 ./FreeRTOS/tasks.o
 .text.prvResetNextTaskUnblockTime
                0x00003d6c       0x48 ./FreeRTOS/tasks.o
 .text.xTaskGetCurrentTaskHandle
                0x00003db4       0x1c ./FreeRTOS/tasks.o
                0x00003db4                xTaskGetCurrentTaskHandle
 .text.xTaskPriorityDisinherit
                0x00003dd0      0x150 ./FreeRTOS/tasks.o
                0x00003dd0                xTaskPriorityDisinherit
 .text.prvAddCurrentTaskToDelayedList
                0x00003f20       0xcc ./FreeRTOS/tasks.o
 .text.SystemInit
                0x00003fec       0xe4 C:\Users\kzax\workspace\freeRTOS_v10\CMSIS_CORE_LPC17xx\Debug\libCMSIS_CORE_LPC17xx.a(system_LPC17xx.o)
                0x00003fec                SystemInit
 .text.memcpy   0x000040d0        0x4 c:/nxp/lpcxpresso_8.2.2_650/lpcxpresso/tools/bin/../lib/gcc/arm-none-eabi/5.4.1/../../../../arm-none-eabi/lib/armv7-m\libcr_c.a(memcpy.o)
                0x000040d0                memcpy
 .text.memset   0x000040d4        0x4 c:/nxp/lpcxpresso_8.2.2_650/lpcxpresso/tools/bin/../lib/gcc/arm-none-eabi/5.4.1/../../../../arm-none-eabi/lib/armv7-m\libcr_c.a(memset.o)
                0x000040d4                memset
 .text.__weak_main
                0x000040d8        0x4 c:/nxp/lpcxpresso_8.2.2_650/lpcxpresso/tools/bin/../lib/gcc/arm-none-eabi/5.4.1/../../../../arm-none-eabi/lib/armv7-m\libcr_c.a(__weak__main.o)
                0x000040d8                __weak_main
                0x000040d8                __main
 .text.malloc   0x000040dc       0xc8 c:/nxp/lpcxpresso_8.2.2_650/lpcxpresso/tools/bin/../lib/gcc/arm-none-eabi/5.4.1/../../../../arm-none-eabi/lib/armv7-m\libcr_c.a(alloc.o)
                0x000040dc                malloc
 .text.free     0x000041a4       0x30 c:/nxp/lpcxpresso_8.2.2_650/lpcxpresso/tools/bin/../lib/gcc/arm-none-eabi/5.4.1/../../../../arm-none-eabi/lib/armv7-m\libcr_c.a(alloc.o)
                0x000041a4                free
 .text.itoa     0x000041d4       0x5c c:/nxp/lpcxpresso_8.2.2_650/lpcxpresso/tools/bin/../lib/gcc/arm-none-eabi/5.4.1/../../../../arm-none-eabi/lib/armv7-m\libcr_c.a(itoa.o)
                0x000041d4                itoa
 .text.rand     0x00004230       0x3c c:/nxp/lpcxpresso_8.2.2_650/lpcxpresso/tools/bin/../lib/gcc/arm-none-eabi/5.4.1/../../../../arm-none-eabi/lib/armv7-m\libcr_c.a(stdlib.o)
                0x00004230                rand
 .text.strcat   0x0000426c       0x1e c:/nxp/lpcxpresso_8.2.2_650/lpcxpresso/tools/bin/../lib/gcc/arm-none-eabi/5.4.1/../../../../arm-none-eabi/lib/armv7-m\libcr_c.a(strcat.o)
                0x0000426c                strcat
 .text.strlen   0x0000428a       0x4a c:/nxp/lpcxpresso_8.2.2_650/lpcxpresso/tools/bin/../lib/gcc/arm-none-eabi/5.4.1/../../../../arm-none-eabi/lib/armv7-m\libcr_c.a(strlen.o)
                0x0000428a                strlen
 .text._sbrk    0x000042d4       0x40 c:/nxp/lpcxpresso_8.2.2_650/lpcxpresso/tools/bin/../lib/gcc/arm-none-eabi/5.4.1/../../../../arm-none-eabi/lib/armv7-m\libcr_c.a(_cr_sbrk.o)
                0x000042d4                _sbrk
 .text.__check_heap_overflow
                0x00004314       0x18 c:/nxp/lpcxpresso_8.2.2_650/lpcxpresso/tools/bin/../lib/gcc/arm-none-eabi/5.4.1/../../../../arm-none-eabi/lib/armv7-m\libcr_c.a(_cr_check_heap.o)
                0x00004314                __check_heap_overflow
 .text.__aeabi_memcpy
                0x0000432c       0x34 c:/nxp/lpcxpresso_8.2.2_650/lpcxpresso/tools/bin/../lib/gcc/arm-none-eabi/5.4.1/armv7-m\libcr_eabihelpers.a(memcpy.o)
                0x0000432c                __aeabi_memcpy
                0x00004336                __aeabi_memcpy8
                0x00004336                __aeabi_memcpy4
 .text.__aeabi_memset_lowlevel
                0x00004360       0x32 c:/nxp/lpcxpresso_8.2.2_650/lpcxpresso/tools/bin/../lib/gcc/arm-none-eabi/5.4.1/armv7-m\libcr_eabihelpers.a(memcpy.o)
                0x00004360                __aeabi_lowlevel_memset
 *(.rodata .rodata.* .constdata .constdata.*)
 *fill*         0x00004392        0x2 ff
 .rodata        0x00004394       0x61 ./src/main.o
 *fill*         0x000043f5        0x3 ff
 .rodata        0x000043f8      0x2fe ./RecTrace/trcKernelPort.o
 *fill*         0x000046f6        0x2 ff
 .rodata        0x000046f8     0x1174 ./RecTrace/trcSnapshotRecorder.o
 .rodata        0x0000586c       0x30 ./FreeRTOS/tasks.o
 .rodata.digits
                0x0000589c       0x11 c:/nxp/lpcxpresso_8.2.2_650/lpcxpresso/tools/bin/../lib/gcc/arm-none-eabi/5.4.1/../../../../arm-none-eabi/lib/armv7-m\libcr_c.a(itoa.o)
                0x000058b0                . = ALIGN (0x4)
 *fill*         0x000058ad        0x3 ff

.glue_7         0x000058b0        0x0
 .glue_7        0x000058b0        0x0 linker stubs

.glue_7t        0x000058b0        0x0
 .glue_7t       0x000058b0        0x0 linker stubs

.vfp11_veneer   0x000058b0        0x0
 .vfp11_veneer  0x000058b0        0x0 linker stubs

.v4_bx          0x000058b0        0x0
 .v4_bx         0x000058b0        0x0 linker stubs

.iplt           0x000058b0        0x0
 .iplt          0x000058b0        0x0 ./src/cr_startup_lpc17.o

.rel.dyn        0x000058b0        0x0
 .rel.iplt      0x000058b0        0x0 ./src/cr_startup_lpc17.o

.ARM.extab
 *(.ARM.extab* .gnu.linkonce.armextab.*)
                0x000058b0                __exidx_start = .

.ARM.exidx
 *(.ARM.exidx* .gnu.linkonce.armexidx.*)
                0x000058b0                __exidx_end = .
                0x000058b0                _etext = .

.data_RAM2      0x2007c000        0x0 load address 0x000058b0
 FILL mask 0xff
                [!provide]                PROVIDE (__start_data_RAM2, .)
 *(.ramfunc.$RAM2)
 *(.ramfunc.$RamAHB32)
 *(.data.$RAM2*)
 *(.data.$RamAHB32*)
                0x2007c000                . = ALIGN (0x4)
                [!provide]                PROVIDE (__end_data_RAM2, .)

.uninit_RESERVED
                0x10000000        0x0
 *(.bss.$RESERVED*)
                0x10000000                . = ALIGN (0x4)
                0x10000000                _end_uninit_RESERVED = .

.data           0x10000000      0x100 load address 0x000058b0
 FILL mask 0xff
                0x10000000                _data = .
 *(vtable)
 *(.ramfunc*)
 *(.data*)
 .data.leters.6391
                0x10000000        0x4 ./src/main.o
 .data.TraceQueueClassTable
                0x10000004        0x5 ./RecTrace/trcKernelPort.o
                0x10000004                TraceQueueClassTable
 *fill*         0x10000009        0x3 ff
 .data.readyEventsEnabled
                0x1000000c        0x4 ./RecTrace/trcSnapshotRecorder.o
 .data.CurrentFilterMask
                0x10000010        0x2 ./RecTrace/trcSnapshotRecorder.o
                0x10000010                CurrentFilterMask
 .data.CurrentFilterGroup
                0x10000012        0x2 ./RecTrace/trcSnapshotRecorder.o
                0x10000012                CurrentFilterGroup
 .data.uxCriticalNesting
                0x10000014        0x4 ./FreeRTOS/portable/port.o
 .data.SystemCoreClock
                0x10000018        0x4 C:\Users\kzax\workspace\freeRTOS_v10\CMSIS_CORE_LPC17xx\Debug\libCMSIS_CORE_LPC17xx.a(system_LPC17xx.o)
                0x10000018                SystemCoreClock
 .data._random_number_seed
                0x1000001c       0xdc c:/nxp/lpcxpresso_8.2.2_650/lpcxpresso/tools/bin/../lib/gcc/arm-none-eabi/5.4.1/../../../../arm-none-eabi/lib/armv7-m\libcr_c.a(stdlib.o)
 .data._random_j
                0x100000f8        0x4 c:/nxp/lpcxpresso_8.2.2_650/lpcxpresso/tools/bin/../lib/gcc/arm-none-eabi/5.4.1/../../../../arm-none-eabi/lib/armv7-m\libcr_c.a(stdlib.o)
 .data._random_k
                0x100000fc        0x4 c:/nxp/lpcxpresso_8.2.2_650/lpcxpresso/tools/bin/../lib/gcc/arm-none-eabi/5.4.1/../../../../arm-none-eabi/lib/armv7-m\libcr_c.a(stdlib.o)
                0x10000100                . = ALIGN (0x4)
                0x10000100                _edata = .

.igot.plt       0x10000100        0x0 load address 0x000059b0
 .igot.plt      0x10000100        0x0 ./src/cr_startup_lpc17.o

.bss_RAM2       0x2007c000        0x0
                [!provide]                PROVIDE (__start_bss_RAM2, .)
 *(.bss.$RAM2*)
 *(.bss.$RamAHB32*)
                0x2007c000                . = ALIGN ((. != 0x0)?0x4:0x1)
                [!provide]                PROVIDE (__end_bss_RAM2, .)

.bss            0x10000100      0x1ec
                0x10000100                _bss = .
 *(.bss*)
 .bss.xPointerQueue
                0x10000100        0x4 ./src/main.o
                0x10000100                xPointerQueue
 .bss.isPendingContextSwitch
                0x10000104        0x4 ./RecTrace/trcSnapshotRecorder.o
                0x10000104                isPendingContextSwitch
 .bss.uiTraceTickCount
                0x10000108        0x4 ./RecTrace/trcSnapshotRecorder.o
                0x10000108                uiTraceTickCount
 .bss.trace_disable_timestamp
                0x1000010c        0x4 ./RecTrace/trcSnapshotRecorder.o
                0x1000010c                trace_disable_timestamp
 .bss.last_timestamp
                0x10000110        0x4 ./RecTrace/trcSnapshotRecorder.o
 .bss.recorder_busy
                0x10000114        0x4 ./RecTrace/trcSnapshotRecorder.o
                0x10000114                recorder_busy
 .bss.timestampFrequency
                0x10000118        0x4 ./RecTrace/trcSnapshotRecorder.o
                0x10000118                timestampFrequency
 .bss.traceErrorMessage
                0x1000011c        0x4 ./RecTrace/trcSnapshotRecorder.o
                0x1000011c                traceErrorMessage
 .bss.handle_of_last_logged_task
                0x10000120        0x1 ./RecTrace/trcSnapshotRecorder.o
                0x10000120                handle_of_last_logged_task
 *fill*         0x10000121        0x3 
 .bss.vTraceStopHookPtr
                0x10000124        0x4 ./RecTrace/trcSnapshotRecorder.o
                0x10000124                vTraceStopHookPtr
 .bss.heapMemUsage
                0x10000128        0x4 ./RecTrace/trcSnapshotRecorder.o
 .bss.objectHandleStacks
                0x1000012c       0x8a ./RecTrace/trcSnapshotRecorder.o
                0x1000012c                objectHandleStacks
 *fill*         0x100001b6        0x2 
 .bss.init_hwtc_count
                0x100001b8        0x4 ./RecTrace/trcSnapshotRecorder.o
                0x100001b8                init_hwtc_count
 .bss.RecorderDataPtr
                0x100001bc        0x4 ./RecTrace/trcSnapshotRecorder.o
                0x100001bc                RecorderDataPtr
 .bss.indexOfHandle.5908
                0x100001c0        0x4 ./RecTrace/trcSnapshotRecorder.o
 .bss.idx.5935  0x100001c4        0x2 ./RecTrace/trcSnapshotRecorder.o
 *fill*         0x100001c6        0x2 
 .bss.old_timestamp.5971
                0x100001c8        0x4 ./RecTrace/trcSnapshotRecorder.o
 .bss.last_hwtc_count.6009
                0x100001cc        0x4 ./RecTrace/trcSnapshotRecorder.o
 .bss.last_hwtc_rest.6011
                0x100001d0        0x4 ./RecTrace/trcSnapshotRecorder.o
 .bss.pxCurrentTCB
                0x100001d4        0x4 ./FreeRTOS/tasks.o
                0x100001d4                pxCurrentTCB
 .bss.pxReadyTasksLists
                0x100001d8       0x64 ./FreeRTOS/tasks.o
 .bss.xDelayedTaskList1
                0x1000023c       0x14 ./FreeRTOS/tasks.o
 .bss.xDelayedTaskList2
                0x10000250       0x14 ./FreeRTOS/tasks.o
 .bss.pxDelayedTaskList
                0x10000264        0x4 ./FreeRTOS/tasks.o
 .bss.pxOverflowDelayedTaskList
                0x10000268        0x4 ./FreeRTOS/tasks.o
 .bss.xPendingReadyList
                0x1000026c       0x14 ./FreeRTOS/tasks.o
 .bss.xTasksWaitingTermination
                0x10000280       0x14 ./FreeRTOS/tasks.o
 .bss.uxDeletedTasksWaitingCleanUp
                0x10000294        0x4 ./FreeRTOS/tasks.o
 .bss.xSuspendedTaskList
                0x10000298       0x14 ./FreeRTOS/tasks.o
 .bss.uxCurrentNumberOfTasks
                0x100002ac        0x4 ./FreeRTOS/tasks.o
 .bss.xTickCount
                0x100002b0        0x4 ./FreeRTOS/tasks.o
 .bss.uxTopReadyPriority
                0x100002b4        0x4 ./FreeRTOS/tasks.o
 .bss.xSchedulerRunning
                0x100002b8        0x4 ./FreeRTOS/tasks.o
 .bss.uxPendedTicks
                0x100002bc        0x4 ./FreeRTOS/tasks.o
 .bss.xYieldPending
                0x100002c0        0x4 ./FreeRTOS/tasks.o
 .bss.xNumOfOverflows
                0x100002c4        0x4 ./FreeRTOS/tasks.o
 .bss.uxTaskNumber
                0x100002c8        0x4 ./FreeRTOS/tasks.o
 .bss.xNextTaskUnblockTime
                0x100002cc        0x4 ./FreeRTOS/tasks.o
 .bss.xIdleTaskHandle
                0x100002d0        0x4 ./FreeRTOS/tasks.o
 .bss.uxSchedulerSuspended
                0x100002d4        0x4 ./FreeRTOS/tasks.o
 .bss.ulTaskSwitchedInTime
                0x100002d8        0x4 ./FreeRTOS/tasks.o
 .bss.ulTotalRunTime
                0x100002dc        0x4 ./FreeRTOS/tasks.o
 .bss.__heaps   0x100002e0        0x4 c:/nxp/lpcxpresso_8.2.2_650/lpcxpresso/tools/bin/../lib/gcc/arm-none-eabi/5.4.1/../../../../arm-none-eabi/lib/armv7-m\libcr_c.a(__init_alloc.o)
                0x100002e0                __heaps
 .bss.__end_of_heap
                0x100002e4        0x4 c:/nxp/lpcxpresso_8.2.2_650/lpcxpresso/tools/bin/../lib/gcc/arm-none-eabi/5.4.1/../../../../arm-none-eabi/lib/armv7-m\libcr_c.a(__init_alloc.o)
                0x100002e4                __end_of_heap
 .bss.errno     0x100002e8        0x4 c:/nxp/lpcxpresso_8.2.2_650/lpcxpresso/tools/bin/../lib/gcc/arm-none-eabi/5.4.1/../../../../arm-none-eabi/lib/armv7-m\libcr_c.a(errno.o)
                0x100002e8                errno
 *(COMMON)
                0x100002ec                . = ALIGN (0x4)
                0x100002ec                _ebss = .
                [!provide]                PROVIDE (end, .)

.noinit_RAM2    0x2007c000        0x0
 *(.noinit.$RAM2*)
 *(.noinit.$RamAHB32*)
                0x2007c000                . = ALIGN (0x4)

.noinit         0x100002ec        0x0
                0x100002ec                _noinit = .
 *(.noinit*)
                0x100002ec                . = ALIGN (0x4)
                0x100002ec                _end_noinit = .
                0x100002ec                PROVIDE (_pvHeapStart, DEFINED (__user_heap_base)?__user_heap_base:.)
                0x10008000                PROVIDE (_vStackTop, DEFINED (__user_stack_top)?__user_stack_top:(__top_RamLoc32 - 0x0))
                [!provide]                PROVIDE (__valid_user_code_checksum, (0x0 - ((((((_vStackTop + (ResetISR + 0x1)) + (NMI_Handler + 0x1)) + (HardFault_Handler + 0x1)) + (DEFINED (MemManage_Handler)?MemManage_Handler:0x0 + 0x1)) + (DEFINED (BusFault_Handler)?BusFault_Handler:0x0 + 0x1)) + (DEFINED (UsageFault_Handler)?UsageFault_Handler:0x0 + 0x1))))
OUTPUT(tp4_freeRTOS.axf elf32-littlearm)

.debug_info     0x00000000     0x747f
 .debug_info    0x00000000      0x1bd ./src/cr_startup_lpc17.o
 .debug_info    0x000001bd       0x3f ./src/crp.o
 .debug_info    0x000001fc      0xcc4 ./src/main.o
 .debug_info    0x00000ec0      0xa40 ./RecTrace/trcKernelPort.o
 .debug_info    0x00001900     0x21f9 ./RecTrace/trcSnapshotRecorder.o
 .debug_info    0x00003af9      0x112 ./FreeRTOS/portable/heap_3.o
 .debug_info    0x00003c0b      0x306 ./FreeRTOS/portable/port.o
 .debug_info    0x00003f11      0x2c2 ./FreeRTOS/list.o
 .debug_info    0x000041d3     0x12f4 ./FreeRTOS/queue.o
 .debug_info    0x000054c7     0x1ca0 ./FreeRTOS/tasks.o
 .debug_info    0x00007167      0x318 C:\Users\kzax\workspace\freeRTOS_v10\CMSIS_CORE_LPC17xx\Debug\libCMSIS_CORE_LPC17xx.a(system_LPC17xx.o)

.debug_abbrev   0x00000000     0x1266
 .debug_abbrev  0x00000000       0xb9 ./src/cr_startup_lpc17.o
 .debug_abbrev  0x000000b9       0x36 ./src/crp.o
 .debug_abbrev  0x000000ef      0x286 ./src/main.o
 .debug_abbrev  0x00000375      0x196 ./RecTrace/trcKernelPort.o
 .debug_abbrev  0x0000050b      0x33d ./RecTrace/trcSnapshotRecorder.o
 .debug_abbrev  0x00000848       0xbc ./FreeRTOS/portable/heap_3.o
 .debug_abbrev  0x00000904      0x1de ./FreeRTOS/portable/port.o
 .debug_abbrev  0x00000ae2       0xdb ./FreeRTOS/list.o
 .debug_abbrev  0x00000bbd      0x2b9 ./FreeRTOS/queue.o
 .debug_abbrev  0x00000e76      0x30a ./FreeRTOS/tasks.o
 .debug_abbrev  0x00001180       0xe6 C:\Users\kzax\workspace\freeRTOS_v10\CMSIS_CORE_LPC17xx\Debug\libCMSIS_CORE_LPC17xx.a(system_LPC17xx.o)

.debug_aranges  0x00000000      0x830
 .debug_aranges
                0x00000000       0x70 ./src/cr_startup_lpc17.o
 .debug_aranges
                0x00000070       0x18 ./src/crp.o
 .debug_aranges
                0x00000088       0x68 ./src/main.o
 .debug_aranges
                0x000000f0       0xf0 ./RecTrace/trcKernelPort.o
 .debug_aranges
                0x000001e0      0x208 ./RecTrace/trcSnapshotRecorder.o
 .debug_aranges
                0x000003e8       0x28 ./FreeRTOS/portable/heap_3.o
 .debug_aranges
                0x00000410       0x70 ./FreeRTOS/portable/port.o
 .debug_aranges
                0x00000480       0x40 ./FreeRTOS/list.o
 .debug_aranges
                0x000004c0      0x148 ./FreeRTOS/queue.o
 .debug_aranges
                0x00000608      0x200 ./FreeRTOS/tasks.o
 .debug_aranges
                0x00000808       0x28 C:\Users\kzax\workspace\freeRTOS_v10\CMSIS_CORE_LPC17xx\Debug\libCMSIS_CORE_LPC17xx.a(system_LPC17xx.o)

.debug_ranges   0x00000000      0x778
 .debug_ranges  0x00000000       0x60 ./src/cr_startup_lpc17.o
 .debug_ranges  0x00000060       0x58 ./src/main.o
 .debug_ranges  0x000000b8       0xe0 ./RecTrace/trcKernelPort.o
 .debug_ranges  0x00000198      0x1f8 ./RecTrace/trcSnapshotRecorder.o
 .debug_ranges  0x00000390       0x18 ./FreeRTOS/portable/heap_3.o
 .debug_ranges  0x000003a8       0x60 ./FreeRTOS/portable/port.o
 .debug_ranges  0x00000408       0x30 ./FreeRTOS/list.o
 .debug_ranges  0x00000438      0x138 ./FreeRTOS/queue.o
 .debug_ranges  0x00000570      0x1f0 ./FreeRTOS/tasks.o
 .debug_ranges  0x00000760       0x18 C:\Users\kzax\workspace\freeRTOS_v10\CMSIS_CORE_LPC17xx\Debug\libCMSIS_CORE_LPC17xx.a(system_LPC17xx.o)

.debug_macro    0x00000000     0x55cb
 .debug_macro   0x00000000       0x52 ./src/cr_startup_lpc17.o
 .debug_macro   0x00000052      0x892 ./src/cr_startup_lpc17.o
 .debug_macro   0x000008e4       0x10 ./src/cr_startup_lpc17.o
 .debug_macro   0x000008f4      0x12d ./src/cr_startup_lpc17.o
 .debug_macro   0x00000a21      0x5b2 ./src/cr_startup_lpc17.o
 .debug_macro   0x00000fd3       0x1a ./src/crp.o
 .debug_macro   0x00000fed       0x34 ./src/crp.o
 .debug_macro   0x00001021      0x1d1 ./src/main.o
 .debug_macro   0x000011f2       0xc4 ./src/main.o
 .debug_macro   0x000012b6       0x10 ./src/main.o
 .debug_macro   0x000012c6       0x1c ./src/main.o
 .debug_macro   0x000012e2       0x3a ./src/main.o
 .debug_macro   0x0000131c       0x2d ./src/main.o
 .debug_macro   0x00001349      0xbb1 ./src/main.o
 .debug_macro   0x00001efa      0x2c7 ./src/main.o
 .debug_macro   0x000021c1      0x13b ./src/main.o
 .debug_macro   0x000022fc       0x1c ./src/main.o
 .debug_macro   0x00002318      0x13f ./src/main.o
 .debug_macro   0x00002457       0x6a ./src/main.o
 .debug_macro   0x000024c1       0xdd ./src/main.o
 .debug_macro   0x0000259e       0x88 ./src/main.o
 .debug_macro   0x00002626      0xa0b ./src/main.o
 .debug_macro   0x00003031      0x1b8 ./src/main.o
 .debug_macro   0x000031e9      0x15a ./src/main.o
 .debug_macro   0x00003343       0xd6 ./src/main.o
 .debug_macro   0x00003419       0x10 ./src/main.o
 .debug_macro   0x00003429       0x1f ./src/main.o
 .debug_macro   0x00003448      0x2e9 ./src/main.o
 .debug_macro   0x00003731       0xb5 ./src/main.o
 .debug_macro   0x000037e6       0x8c ./src/main.o
 .debug_macro   0x00003872       0x86 ./src/main.o
 .debug_macro   0x000038f8       0x9a ./src/main.o
 .debug_macro   0x00003992       0x1c ./src/main.o
 .debug_macro   0x000039ae      0x180 ./RecTrace/trcKernelPort.o
 .debug_macro   0x00003b2e       0x16 ./RecTrace/trcKernelPort.o
 .debug_macro   0x00003b44       0x91 ./RecTrace/trcKernelPort.o
 .debug_macro   0x00003bd5      0x15b ./RecTrace/trcSnapshotRecorder.o
 .debug_macro   0x00003d30       0x16 ./RecTrace/trcSnapshotRecorder.o
 .debug_macro   0x00003d46       0x10 ./RecTrace/trcSnapshotRecorder.o
 .debug_macro   0x00003d56      0x141 ./RecTrace/trcSnapshotRecorder.o
 .debug_macro   0x00003e97      0x494 ./RecTrace/trcSnapshotRecorder.o
 .debug_macro   0x0000432b      0x16f ./FreeRTOS/portable/heap_3.o
 .debug_macro   0x0000449a       0x28 ./FreeRTOS/portable/heap_3.o
 .debug_macro   0x000044c2      0x1f1 ./FreeRTOS/portable/port.o
 .debug_macro   0x000046b3      0x154 ./FreeRTOS/list.o
 .debug_macro   0x00004807      0x1bd ./FreeRTOS/queue.o
 .debug_macro   0x000049c4      0x23e ./FreeRTOS/tasks.o
 .debug_macro   0x00004c02       0x10 ./FreeRTOS/tasks.o
 .debug_macro   0x00004c12      0x12d C:\Users\kzax\workspace\freeRTOS_v10\CMSIS_CORE_LPC17xx\Debug\libCMSIS_CORE_LPC17xx.a(system_LPC17xx.o)
 .debug_macro   0x00004d3f      0x88c C:\Users\kzax\workspace\freeRTOS_v10\CMSIS_CORE_LPC17xx\Debug\libCMSIS_CORE_LPC17xx.a(system_LPC17xx.o)

.debug_line     0x00000000     0x4a1f
 .debug_line    0x00000000      0x242 ./src/cr_startup_lpc17.o
 .debug_line    0x00000242       0x78 ./src/crp.o
 .debug_line    0x000002ba      0x572 ./src/main.o
 .debug_line    0x0000082c      0x634 ./RecTrace/trcKernelPort.o
 .debug_line    0x00000e60      0xf87 ./RecTrace/trcSnapshotRecorder.o
 .debug_line    0x00001de7      0x426 ./FreeRTOS/portable/heap_3.o
 .debug_line    0x0000220d      0x50b ./FreeRTOS/portable/port.o
 .debug_line    0x00002718      0x461 ./FreeRTOS/list.o
 .debug_line    0x00002b79      0xbf8 ./FreeRTOS/queue.o
 .debug_line    0x00003771     0x10a6 ./FreeRTOS/tasks.o
 .debug_line    0x00004817      0x208 C:\Users\kzax\workspace\freeRTOS_v10\CMSIS_CORE_LPC17xx\Debug\libCMSIS_CORE_LPC17xx.a(system_LPC17xx.o)

.debug_str      0x00000000    0x1d2ec
 .debug_str     0x00000000     0x3d0f ./src/cr_startup_lpc17.o
                               0x3d9a (size before relaxing)
 .debug_str     0x00003d0f       0xe9 ./src/crp.o
                               0x25c5 (size before relaxing)
 .debug_str     0x00003df8    0x1480f ./src/main.o
                              0x18507 (size before relaxing)
 .debug_str     0x00018607      0xfbf ./RecTrace/trcKernelPort.o
                              0x186d5 (size before relaxing)
 .debug_str     0x000195c6     0x1471 ./RecTrace/trcSnapshotRecorder.o
                              0x17c11 (size before relaxing)
 .debug_str     0x0001aa37       0x93 ./FreeRTOS/portable/heap_3.o
                              0x170c1 (size before relaxing)
 .debug_str     0x0001aaca      0x685 ./FreeRTOS/portable/port.o
                              0x1769d (size before relaxing)
 .debug_str     0x0001b14f      0x129 ./FreeRTOS/list.o
                              0x16bcb (size before relaxing)
 .debug_str     0x0001b278      0x865 ./FreeRTOS/queue.o
                              0x18239 (size before relaxing)
 .debug_str     0x0001badd     0x1421 ./FreeRTOS/tasks.o
                              0x19202 (size before relaxing)
 .debug_str     0x0001cefe      0x3ee C:\Users\kzax\workspace\freeRTOS_v10\CMSIS_CORE_LPC17xx\Debug\libCMSIS_CORE_LPC17xx.a(system_LPC17xx.o)
                               0x99a6 (size before relaxing)

.comment        0x00000000       0xdc
 .comment       0x00000000       0x6e ./src/cr_startup_lpc17.o
                                 0x6f (size before relaxing)
 .comment       0x0000006e       0x6f ./src/crp.o
 .comment       0x0000006e       0x6f ./src/main.o
 .comment       0x0000006e       0x6f ./RecTrace/trcKernelPort.o
 .comment       0x0000006e       0x6f ./RecTrace/trcSnapshotRecorder.o
 .comment       0x0000006e       0x6f ./FreeRTOS/portable/heap_3.o
 .comment       0x0000006e       0x6f ./FreeRTOS/portable/port.o
 .comment       0x0000006e       0x6f ./FreeRTOS/list.o
 .comment       0x0000006e       0x6f ./FreeRTOS/queue.o
 .comment       0x0000006e       0x6f ./FreeRTOS/tasks.o
 .comment       0x0000006e       0x6f C:\Users\kzax\workspace\freeRTOS_v10\CMSIS_CORE_LPC17xx\Debug\libCMSIS_CORE_LPC17xx.a(system_LPC17xx.o)
 .comment       0x0000006e       0x6e c:/nxp/lpcxpresso_8.2.2_650/lpcxpresso/tools/bin/../lib/gcc/arm-none-eabi/5.4.1/../../../../arm-none-eabi/lib/armv7-m\libcr_c.a(memcpy.o)
                                 0x6f (size before relaxing)
 .comment       0x000000dc       0x6f c:/nxp/lpcxpresso_8.2.2_650/lpcxpresso/tools/bin/../lib/gcc/arm-none-eabi/5.4.1/../../../../arm-none-eabi/lib/armv7-m\libcr_c.a(memset.o)
 .comment       0x000000dc       0x6f c:/nxp/lpcxpresso_8.2.2_650/lpcxpresso/tools/bin/../lib/gcc/arm-none-eabi/5.4.1/../../../../arm-none-eabi/lib/armv7-m\libcr_c.a(__weak__main.o)
 .comment       0x000000dc       0x6f c:/nxp/lpcxpresso_8.2.2_650/lpcxpresso/tools/bin/../lib/gcc/arm-none-eabi/5.4.1/../../../../arm-none-eabi/lib/armv7-m\libcr_c.a(alloc.o)
 .comment       0x000000dc       0x6f c:/nxp/lpcxpresso_8.2.2_650/lpcxpresso/tools/bin/../lib/gcc/arm-none-eabi/5.4.1/../../../../arm-none-eabi/lib/armv7-m\libcr_c.a(itoa.o)
 .comment       0x000000dc       0x6f c:/nxp/lpcxpresso_8.2.2_650/lpcxpresso/tools/bin/../lib/gcc/arm-none-eabi/5.4.1/../../../../arm-none-eabi/lib/armv7-m\libcr_c.a(stdlib.o)
 .comment       0x000000dc       0x6f c:/nxp/lpcxpresso_8.2.2_650/lpcxpresso/tools/bin/../lib/gcc/arm-none-eabi/5.4.1/../../../../arm-none-eabi/lib/armv7-m\libcr_c.a(strcat.o)
 .comment       0x000000dc       0x6f c:/nxp/lpcxpresso_8.2.2_650/lpcxpresso/tools/bin/../lib/gcc/arm-none-eabi/5.4.1/../../../../arm-none-eabi/lib/armv7-m\libcr_c.a(strlen.o)
 .comment       0x000000dc       0x6f c:/nxp/lpcxpresso_8.2.2_650/lpcxpresso/tools/bin/../lib/gcc/arm-none-eabi/5.4.1/../../../../arm-none-eabi/lib/armv7-m\libcr_c.a(__init_alloc.o)
 .comment       0x000000dc       0x6f c:/nxp/lpcxpresso_8.2.2_650/lpcxpresso/tools/bin/../lib/gcc/arm-none-eabi/5.4.1/../../../../arm-none-eabi/lib/armv7-m\libcr_c.a(_cr_sbrk.o)
 .comment       0x000000dc       0x6f c:/nxp/lpcxpresso_8.2.2_650/lpcxpresso/tools/bin/../lib/gcc/arm-none-eabi/5.4.1/../../../../arm-none-eabi/lib/armv7-m\libcr_c.a(errno.o)
 .comment       0x000000dc       0x6f c:/nxp/lpcxpresso_8.2.2_650/lpcxpresso/tools/bin/../lib/gcc/arm-none-eabi/5.4.1/../../../../arm-none-eabi/lib/armv7-m\libcr_c.a(_cr_check_heap.o)

.ARM.attributes
                0x00000000       0x31
 .ARM.attributes
                0x00000000       0x33 ./src/cr_startup_lpc17.o
 .ARM.attributes
                0x00000033       0x33 ./src/crp.o
 .ARM.attributes
                0x00000066       0x33 ./src/main.o
 .ARM.attributes
                0x00000099       0x33 ./RecTrace/trcKernelPort.o
 .ARM.attributes
                0x000000cc       0x33 ./RecTrace/trcSnapshotRecorder.o
 .ARM.attributes
                0x000000ff       0x33 ./FreeRTOS/portable/heap_3.o
 .ARM.attributes
                0x00000132       0x33 ./FreeRTOS/portable/port.o
 .ARM.attributes
                0x00000165       0x33 ./FreeRTOS/list.o
 .ARM.attributes
                0x00000198       0x33 ./FreeRTOS/queue.o
 .ARM.attributes
                0x000001cb       0x33 ./FreeRTOS/tasks.o
 .ARM.attributes
                0x000001fe       0x33 C:\Users\kzax\workspace\freeRTOS_v10\CMSIS_CORE_LPC17xx\Debug\libCMSIS_CORE_LPC17xx.a(system_LPC17xx.o)
 .ARM.attributes
                0x00000231       0x33 c:/nxp/lpcxpresso_8.2.2_650/lpcxpresso/tools/bin/../lib/gcc/arm-none-eabi/5.4.1/../../../../arm-none-eabi/lib/armv7-m\libcr_c.a(memcpy.o)
 .ARM.attributes
                0x00000264       0x33 c:/nxp/lpcxpresso_8.2.2_650/lpcxpresso/tools/bin/../lib/gcc/arm-none-eabi/5.4.1/../../../../arm-none-eabi/lib/armv7-m\libcr_c.a(memset.o)
 .ARM.attributes
                0x00000297       0x33 c:/nxp/lpcxpresso_8.2.2_650/lpcxpresso/tools/bin/../lib/gcc/arm-none-eabi/5.4.1/../../../../arm-none-eabi/lib/armv7-m\libcr_c.a(__weak__main.o)
 .ARM.attributes
                0x000002ca       0x33 c:/nxp/lpcxpresso_8.2.2_650/lpcxpresso/tools/bin/../lib/gcc/arm-none-eabi/5.4.1/../../../../arm-none-eabi/lib/armv7-m\libcr_c.a(alloc.o)
 .ARM.attributes
                0x000002fd       0x33 c:/nxp/lpcxpresso_8.2.2_650/lpcxpresso/tools/bin/../lib/gcc/arm-none-eabi/5.4.1/../../../../arm-none-eabi/lib/armv7-m\libcr_c.a(itoa.o)
 .ARM.attributes
                0x00000330       0x33 c:/nxp/lpcxpresso_8.2.2_650/lpcxpresso/tools/bin/../lib/gcc/arm-none-eabi/5.4.1/../../../../arm-none-eabi/lib/armv7-m\libcr_c.a(stdlib.o)
 .ARM.attributes
                0x00000363       0x33 c:/nxp/lpcxpresso_8.2.2_650/lpcxpresso/tools/bin/../lib/gcc/arm-none-eabi/5.4.1/../../../../arm-none-eabi/lib/armv7-m\libcr_c.a(strcat.o)
 .ARM.attributes
                0x00000396       0x33 c:/nxp/lpcxpresso_8.2.2_650/lpcxpresso/tools/bin/../lib/gcc/arm-none-eabi/5.4.1/../../../../arm-none-eabi/lib/armv7-m\libcr_c.a(strlen.o)
 .ARM.attributes
                0x000003c9       0x33 c:/nxp/lpcxpresso_8.2.2_650/lpcxpresso/tools/bin/../lib/gcc/arm-none-eabi/5.4.1/../../../../arm-none-eabi/lib/armv7-m\libcr_c.a(__init_alloc.o)
 .ARM.attributes
                0x000003fc       0x33 c:/nxp/lpcxpresso_8.2.2_650/lpcxpresso/tools/bin/../lib/gcc/arm-none-eabi/5.4.1/../../../../arm-none-eabi/lib/armv7-m\libcr_c.a(_cr_sbrk.o)
 .ARM.attributes
                0x0000042f       0x33 c:/nxp/lpcxpresso_8.2.2_650/lpcxpresso/tools/bin/../lib/gcc/arm-none-eabi/5.4.1/../../../../arm-none-eabi/lib/armv7-m\libcr_c.a(errno.o)
 .ARM.attributes
                0x00000462       0x33 c:/nxp/lpcxpresso_8.2.2_650/lpcxpresso/tools/bin/../lib/gcc/arm-none-eabi/5.4.1/../../../../arm-none-eabi/lib/armv7-m\libcr_c.a(_cr_check_heap.o)
 .ARM.attributes
                0x00000495       0x21 c:/nxp/lpcxpresso_8.2.2_650/lpcxpresso/tools/bin/../lib/gcc/arm-none-eabi/5.4.1/armv7-m\libcr_eabihelpers.a(memcpy.o)

.debug_frame    0x00000000     0x2090
 .debug_frame   0x00000000      0x120 ./src/cr_startup_lpc17.o
 .debug_frame   0x00000120      0x174 ./src/main.o
 .debug_frame   0x00000294      0x3c8 ./RecTrace/trcKernelPort.o
 .debug_frame   0x0000065c      0x8c8 ./RecTrace/trcSnapshotRecorder.o
 .debug_frame   0x00000f24       0x58 ./FreeRTOS/portable/heap_3.o
 .debug_frame   0x00000f7c      0x160 ./FreeRTOS/portable/port.o
 .debug_frame   0x000010dc       0xd8 ./FreeRTOS/list.o
 .debug_frame   0x000011b4      0x5c8 ./FreeRTOS/queue.o
 .debug_frame   0x0000177c      0x8d8 ./FreeRTOS/tasks.o
 .debug_frame   0x00002054       0x3c C:\Users\kzax\workspace\freeRTOS_v10\CMSIS_CORE_LPC17xx\Debug\libCMSIS_CORE_LPC17xx.a(system_LPC17xx.o)
